{
  "version": "[VERSION]",
  "platform": {
    "os": "[OS]",
    "arch": "[ARCH]"
  },
  "paths": {
    "data_dir": "[TEST_HOME]/coding-agent-search",
    "db_path": "[TEST_HOME]/coding-agent-search/agent_search.db",
    "index_path": "[TEST_HOME]/coding-agent-search/index/v9-quill"
  },
  "database": {
    "exists": false,
    "size_bytes": 0,
    "conversations": 0,
    "messages": 0
  },
  "index": {
    "exists": false,
    "size_bytes": 0
  },
  "connectors": [
    {
      "name": "codex",
      "path": "(not detected)",
      "found": false
    },
    {
      "name": "claude_code",
      "path": "(not detected)",
      "found": false
    },
    {
      "name": "gemini",
      "path": "(not detected)",
      "found": false
    },
    {
      "name": "clawdbot",
      "path": "(not detected)",
      "found": false
    },
    {
      "name": "vibe",
      "path": "(not detected)",
      "found": false
    },
    {
      "name": "opencode",
      "path": "(not detected)",
      "found": false
    },
    {
      "name": "amp",
      "path": "(not detected)",
      "found": false
    },
    {
      "name": "cline",
      "path": "(not detected)",
      "found": false
    },
    {
      "name": "aider",
      "path": "(not detected)",
      "found": false
    },
    {
      "name": "cursor",
      "path": "(not detected)",
      "found": false
    },
    {
      "name": "chatgpt",
      "path": "(not detected)",
      "found": false
    },
    {
      "name": "pi_agent",
      "path": "(not detected)",
      "found": false
    },
    {
      "name": "omp",
      "path": "(not detected)",
      "found": false
    },
    {
      "name": "factory",
      "path": "(not detected)",
      "found": false
    },
    {
      "name": "openclaw",
      "path": "(not detected)",
      "found": false
    },
    {
      "name": "antigravity",
      "path": "(not detected)",
      "found": false
    },
    {
      "name": "prime_agent",
      "path": "(not detected)",
      "found": false
    },
    {
      "name": "kimi",
      "path": "(not detected)",
      "found": false
    },
    {
      "name": "kiro",
      "path": "(not detected)",
      "found": false
    },
    {
      "name": "muse",
      "path": "(not detected)",
      "found": false
    },
    {
      "name": "openhands",
      "path": "(not detected)",
      "found": false
    },
    {
      "name": "copilot",
      "path": "(not detected)",
      "found": false
    },
    {
      "name": "copilot_cli",
      "path": "(not detected)",
      "found": false
    },
    {
      "name": "qwen",
      "path": "(not detected)",
      "found": false
    },
    {
      "name": "grok",
      "path": "(not detected)",
      "found": false
    },
    {
      "name": "devin",
      "path": "(not detected)",
      "found": false
    },
    {
      "name": "goose",
      "path": "(not detected)",
      "found": false
    },
    {
      "name": "crush",
      "path": "(not detected)",
      "found": false
    },
    {
      "name": "hermes",
      "path": "(not detected)",
      "found": false
    }
  ]
}