{
  "type": "object",
  "properties": {
    "schema_version": {
      "type": "integer"
    },
    "doctor_contract_version": {
      "type": "integer"
    },
    "capabilities_url": {
      "type": "string"
    },
    "status": {
      "type": "string"
    },
    "reason_code": {
      "type": "null"
    },
    "degraded_reason_codes": {
      "type": "array",
      "items": {
        "type": "unknown"
      }
    },
    "health_class": {
      "type": "string"
    },
    "risk_level": {
      "type": "string"
    },
    "healthy": {
      "type": "boolean"
    },
    "initialized": {
      "type": "boolean"
    },
    "explanation": {
      "type": "string"
    },
    "recommended_action": {
      "type": "string"
    },
    "fallback_mode": {
      "type": "string"
    },
    "issues_found": {
      "type": "integer"
    },
    "issues_fixed": {
      "type": "integer"
    },
    "failures": {
      "type": "integer"
    },
    "warnings": {
      "type": "integer"
    },
    "needs_rebuild": {
      "type": "boolean"
    },
    "auto_fix_applied": {
      "type": "boolean"
    },
    "auto_fix_actions": {
      "type": "array",
      "items": {
        "type": "unknown"
      }
    },
    "doctor_command": {
      "type": "object",
      "properties": {
        "surface": {
          "type": "string"
        },
        "realized_subcommand": {
          "type": "string"
        },
        "execution_mode": {
          "type": "string"
        },
        "read_only": {
          "type": "boolean"
        },
        "mutation_allowed": {
          "type": "boolean"
        },
        "plan_fingerprint_required": {
          "type": "boolean"
        },
        "legacy_alias": {
          "type": "boolean"
        },
        "force_rebuild": {
          "type": "boolean"
        },
        "allow_repeated_repair": {
          "type": "boolean"
        }
      }
    },
    "check_scope": {
      "type": "object",
      "properties": {
        "schema_version": {
          "type": "integer"
        },
        "surface": {
          "type": "string"
        },
        "execution_mode": {
          "type": "string"
        },
        "read_only": {
          "type": "boolean"
        },
        "mutation_allowed": {
          "type": "boolean"
        },
        "bounded": {
          "type": "boolean"
        },
        "cleanup_planning": {
          "type": "object",
          "properties": {
            "status": {
              "type": "string"
            },
            "note": {
              "type": "string"
            }
          }
        },
        "skipped_expensive_collectors": {
          "type": "array",
          "items": {
            "type": "object",
            "properties": {
              "name": {
                "type": "string"
              },
              "status": {
                "type": "string"
              },
              "next_action": {
                "type": "string"
              }
            }
          }
        }
      }
    },
    "repair_previously_failed": {
      "type": "boolean"
    },
    "failure_marker_path": {
      "type": "null"
    },
    "repeat_refusal_reason": {
      "type": "null"
    },
    "override_available": {
      "type": "boolean"
    },
    "override_used": {
      "type": "boolean"
    },
    "active_repair": {
      "type": "object",
      "properties": {
        "active": {
          "type": "boolean"
        },
        "active_index_maintenance": {
          "type": "boolean"
        },
        "active_rebuild": {
          "type": "boolean"
        },
        "active_watch": {
          "type": "boolean"
        },
        "owner_count": {
          "type": "integer"
        },
        "stale_owner_count": {
          "type": "integer"
        },
        "interrupted_state_count": {
          "type": "integer"
        },
        "mutation_blocked_reason": {
          "type": "null"
        },
        "next_action": {
          "type": "string"
        }
      }
    },
    "post_repair_probes": {
      "type": "object",
      "properties": {
        "schema_version": {
          "type": "integer"
        },
        "requested": {
          "type": "boolean"
        },
        "status": {
          "type": "string"
        },
        "probe_run_id": {
          "type": "null"
        },
        "artifact_root": {
          "type": "null"
        },
        "redacted_artifact_root": {
          "type": "null"
        },
        "manifest_path": {
          "type": "null"
        },
        "redacted_manifest_path": {
          "type": "null"
        },
        "probe_count": {
          "type": "integer"
        },
        "passed_count": {
          "type": "integer"
        },
        "failed_count": {
          "type": "integer"
        },
        "skipped_count": {
          "type": "integer"
        },
        "blocks_success": {
          "type": "boolean"
        },
        "probes": {
          "type": "array",
          "items": {
            "type": "object",
            "properties": {
              "schema_version": {
                "type": "integer"
              },
              "probe_id": {
                "type": "string"
              },
              "target_asset_class": {
                "type": "string"
              },
              "target_path": {
                "type": "string"
              },
              "redacted_target_path": {
                "type": "string"
              },
              "generation_identity": {
                "type": "null"
              },
              "manifest_identity": {
                "type": "null"
              },
              "status": {
                "type": "string"
              },
              "duration_ms": {
                "type": "integer"
              },
              "failure_reason": {
                "type": "string"
              },
              "blocks_promotion": {
                "type": "boolean"
              },
              "blocks_cleanup": {
                "type": "boolean"
              },
              "receipt_correlation_id": {
                "type": "string"
              },
              "event_log_correlation_id": {
                "type": "string"
              },
              "failure_context_path": {
                "type": "null"
              },
              "redacted_failure_context_path": {
                "type": "null"
              },
              "rollback_confirmed": {
                "type": "boolean"
              },
              "steps": {
                "type": "array",
                "items": {
                  "type": "string"
                }
              }
            }
          }
        },
        "warnings": {
          "type": "array",
          "items": {
            "type": "unknown"
          }
        }
      }
    },
    "repair_failure_marker": {
      "type": "object",
      "properties": {
        "schema_version": {
          "type": "integer"
        },
        "repair_class": {
          "type": "string"
        },
        "found": {
          "type": "boolean"
        },
        "parse_status": {
          "type": "string"
        },
        "path": {
          "type": "null"
        },
        "redacted_path": {
          "type": "null"
        },
        "operation_id": {
          "type": "null"
        },
        "plan_fingerprint": {
          "type": "null"
        },
        "failed_at_ms": {
          "type": "null"
        },
        "failed_at": {
          "type": "null"
        },
        "cass_version": {
          "type": "null"
        },
        "platform": {
          "type": "null"
        },
        "user_data_modified": {
          "type": "null"
        },
        "failed_checks": {
          "type": "array",
          "items": {
            "type": "unknown"
          }
        },
        "corrupt_reason": {
          "type": "null"
        }
      }
    },
    "failure_marker_write_error": {
      "type": "null"
    },
    "operation_outcome": {
      "type": "object",
      "properties": {
        "kind": {
          "type": "string"
        },
        "reason": {
          "type": "string"
        },
        "action_taken": {
          "type": "string"
        },
        "action_not_taken": {
          "type": "string"
        },
        "safe_to_retry": {
          "type": "boolean"
        },
        "requires_override": {
          "type": "boolean"
        },
        "data_loss_risk": {
          "type": "string"
        },
        "next_command": {
          "type": "string"
        },
        "artifact_manifest_path": {
          "type": "null"
        },
        "exit_code_kind": {
          "type": "string"
        }
      }
    },
    "operation_state": {
      "type": "object",
      "properties": {
        "schema_version": {
          "type": "integer"
        },
        "read_only_check_allowed": {
          "type": "boolean"
        },
        "mutating_doctor_allowed": {
          "type": "boolean"
        },
        "active_index_maintenance": {
          "type": "boolean"
        },
        "active_rebuild": {
          "type": "boolean"
        },
        "active_watch": {
          "type": "boolean"
        },
        "active_doctor_repair": {
          "type": "boolean"
        },
        "owner_count": {
          "type": "integer"
        },
        "stale_owner_count": {
          "type": "integer"
        },
        "interrupted_state_count": {
          "type": "integer"
        },
        "mutation_blocked_reason": {
          "type": "null"
        },
        "owners": {
          "type": "array",
          "items": {
            "type": "unknown"
          }
        },
        "interrupted_states": {
          "type": "array",
          "items": {
            "type": "unknown"
          }
        },
        "next_action": {
          "type": "string"
        },
        "notes": {
          "type": "array",
          "items": {
            "type": "string"
          }
        }
      }
    },
    "locks": {
      "type": "array",
      "items": {
        "type": "unknown"
      }
    },
    "slow_operations": {
      "type": "array",
      "items": {
        "type": "unknown"
      }
    },
    "timing_summary": {
      "type": "object",
      "properties": {
        "schema_version": {
          "type": "integer"
        },
        "elapsed_ms": {
          "type": "integer"
        },
        "measured_operation_count": {
          "type": "integer"
        },
        "slow_operation_count": {
          "type": "integer"
        },
        "default_threshold_ms": {
          "type": "integer"
        },
        "slowest_operation": {
          "type": "string"
        },
        "slowest_elapsed_ms": {
          "type": "integer"
        },
        "notes": {
          "type": "array",
          "items": {
            "type": "string"
          }
        }
      }
    },
    "budget": {
      "type": "object",
      "properties": {
        "elapsed_ms": {
          "type": "integer"
        },
        "budget_ms": {
          "type": "integer"
        },
        "timed_out": {
          "type": "boolean"
        },
        "recommended_next_probe": {
          "type": "null"
        }
      }
    },
    "retry_recommendation": {
      "type": "object",
      "properties": {
        "schema_version": {
          "type": "integer"
        },
        "policy": {
          "type": "string"
        },
        "safe_to_retry": {
          "type": "boolean"
        },
        "retry_after_ms": {
          "type": "null"
        },
        "command": {
          "type": "string"
        },
        "reason": {
          "type": "string"
        },
        "notes": {
          "type": "array",
          "items": {
            "type": "string"
          }
        }
      }
    },
    "safe_auto_eligibility": {
      "type": "object",
      "properties": {
        "schema_version": {
          "type": "integer"
        },
        "enabled": {
          "type": "boolean"
        },
        "mode": {
          "type": "string"
        },
        "evaluated_findings": {
          "type": "array",
          "items": {
            "type": "unknown"
          }
        },
        "auto_apply_eligibility": {
          "type": "boolean"
        },
        "why_safe": {
          "type": "array",
          "items": {
            "type": "unknown"
          }
        },
        "why_blocked": {
          "type": "array",
          "items": {
            "type": "string"
          }
        },
        "why_manual_approval_required": {
          "type": "array",
          "items": {
            "type": "unknown"
          }
        },
        "skipped_due_to_lock_or_unknown": {
          "type": "boolean"
        },
        "next_exact_command": {
          "type": "string"
        },
        "applied_actions": {
          "type": "array",
          "items": {
            "type": "unknown"
          }
        },
        "blocked_actions": {
          "type": "array",
          "items": {
            "type": "unknown"
          }
        },
        "manual_approval_required": {
          "type": "array",
          "items": {
            "type": "unknown"
          }
        },
        "receipt_action_ids": {
          "type": "array",
          "items": {
            "type": "unknown"
          }
        },
        "receipts": {
          "type": "array",
          "items": {
            "type": "unknown"
          }
        },
        "event_log_reference": {
          "type": "string"
        }
      }
    },
    "root_cause": {
      "type": "object",
      "properties": {
        "schema_version": {
          "type": "integer"
        },
        "family": {
          "type": "string"
        },
        "locus": {
          "type": "string"
        },
        "confidence": {
          "type": "string"
        },
        "evidence_refs": {
          "type": "array",
          "items": {
            "type": "unknown"
          }
        },
        "summary": {
          "type": "string"
        },
        "recommended_next_probe": {
          "type": "string"
        }
      }
    },
    "primary_incident_id": {
      "type": "string"
    },
    "incidents": {
      "type": "array",
      "items": {
        "type": "object",
        "properties": {
          "schema_version": {
            "type": "integer"
          },
          "incident_id": {
            "type": "string"
          },
          "root_cause_kind": {
            "type": "string"
          },
          "severity": {
            "type": "string"
          },
          "affected_asset_classes": {
            "type": "array",
            "items": {
              "type": "string"
            }
          },
          "archive_risk_level": {
            "type": "string"
          },
          "derived_risk_level": {
            "type": "string"
          },
          "confidence": {
            "type": "string"
          },
          "evidence_check_ids": {
            "type": "array",
            "items": {
              "type": "string"
            }
          },
          "blocked_actions": {
            "type": "array",
            "items": {
              "type": "string"
            }
          },
          "safe_next_actions": {
            "type": "array",
            "items": {
              "type": "string"
            }
          },
          "stale_or_unknown_fields": {
            "type": "array",
            "items": {
              "type": "unknown"
            }
          },
          "redacted_evidence_paths": {
            "type": "array",
            "items": {
              "type": "unknown"
            }
          },
          "summary": {
            "type": "string"
          }
        }
      }
    },
    "event_log": {
      "type": "object",
      "properties": {
        "path": {
          "type": "null"
        },
        "checksum_blake3": {
          "type": "string"
        },
        "hash_chain_tip": {
          "type": "string"
        },
        "status": {
          "type": "string"
        },
        "event_count": {
          "type": "integer"
        },
        "events": {
          "type": "array",
          "items": {
            "type": "object",
            "properties": {
              "schema_version": {
                "type": "integer"
              },
              "event_id": {
                "type": "string"
              },
              "previous_event_hash": {
                "type": "null"
              },
              "operation_id": {
                "type": "string"
              },
              "action_id": {
                "type": "null"
              },
              "phase": {
                "type": "string"
              },
              "mode": {
                "type": "string"
              },
              "asset_class": {
                "type": "null"
              },
              "redacted_target_path": {
                "type": "null"
              },
              "elapsed_ms": {
                "type": "integer"
              },
              "progress_label": {
                "type": "string"
              },
              "safety_gate_passed": {
                "type": "null"
              },
              "blocked_reasons": {
                "type": "array",
                "items": {
                  "type": "unknown"
                }
              },
              "receipt_correlation_id": {
                "type": "null"
              },
              "artifact_ids": {
                "type": "array",
                "items": {
                  "type": "unknown"
                }
              }
            }
          }
        }
      }
    },
    "lexical": {
      "type": "object",
      "properties": {
        "exists": {
          "type": "boolean"
        },
        "status": {
          "type": "string"
        },
        "reason": {
          "type": "string"
        },
        "fresh": {
          "type": "boolean"
        },
        "partial": {
          "type": "boolean"
        },
        "partial_reason": {
          "type": "null"
        },
        "last_indexed_at": {
          "type": "null"
        },
        "age_seconds": {
          "type": "null"
        },
        "stale": {
          "type": "boolean"
        },
        "stale_threshold_seconds": {
          "type": "integer"
        },
        "rebuilding": {
          "type": "boolean"
        },
        "stalled": {
          "type": "boolean"
        },
        "engine_incompatible": {
          "type": "boolean"
        },
        "activity_at": {
          "type": "null"
        },
        "documents": {
          "type": "null"
        },
        "live_documents": {
          "type": "null"
        },
        "hollow": {
          "type": "boolean"
        },
        "segment_files": {
          "type": "null"
        },
        "empty_with_messages": {
          "type": "boolean"
        },
        "quarantined_conversations": {
          "type": "integer"
        },
        "fingerprint": {
          "type": "object",
          "properties": {
            "current_db_fingerprint": {
              "type": "null"
            },
            "checkpoint_fingerprint": {
              "type": "null"
            },
            "matches_current_db_fingerprint": {
              "type": "null"
            }
          }
        },
        "checkpoint": {
          "type": "object",
          "properties": {
            "present": {
              "type": "boolean"
            },
            "completed": {
              "type": "null"
            },
            "db_matches": {
              "type": "null"
            },
            "schema_matches": {
              "type": "null"
            },
            "page_size_matches": {
              "type": "null"
            },
            "page_size_compatible": {
              "type": "null"
            }
          }
        }
      }
    },
    "semantic": {
      "type": "object",
      "properties": {
        "status": {
          "type": "string"
        },
        "availability": {
          "type": "string"
        },
        "summary": {
          "type": "string"
        },
        "available": {
          "type": "boolean"
        },
        "can_search": {
          "type": "boolean"
        },
        "fallback_mode": {
          "type": "string"
        },
        "preferred_backend": {
          "type": "string"
        },
        "embedder_id": {
          "type": "null"
        },
        "vector_index_path": {
          "type": "null"
        },
        "model_dir": {
          "type": "null"
        },
        "hnsw_path": {
          "type": "null"
        },
        "hnsw_ready": {
          "type": "boolean"
        },
        "progressive_ready": {
          "type": "boolean"
        },
        "progressive_reason_code": {
          "type": "null"
        },
        "feature_compiled_in": {
          "type": "boolean"
        },
        "quality_tier_published": {
          "type": "boolean"
        },
        "semantic_only_search_available": {
          "type": "boolean"
        },
        "hint": {
          "type": "string"
        },
        "fast_tier": {
          "type": "object",
          "properties": {
            "present": {
              "type": "boolean"
            },
            "ready": {
              "type": "boolean"
            },
            "current_db_matches": {
              "type": "null"
            },
            "conversation_count": {
              "type": "null"
            },
            "doc_count": {
              "type": "null"
            },
            "embedder_id": {
              "type": "null"
            },
            "model_revision": {
              "type": "null"
            },
            "completed_at": {
              "type": "null"
            },
            "size_bytes": {
              "type": "null"
            },
            "shard_count": {
              "type": "null"
            }
          }
        },
        "quality_tier": {
          "type": "object",
          "properties": {
            "present": {
              "type": "boolean"
            },
            "ready": {
              "type": "boolean"
            },
            "current_db_matches": {
              "type": "null"
            },
            "conversation_count": {
              "type": "null"
            },
            "doc_count": {
              "type": "null"
            },
            "embedder_id": {
              "type": "null"
            },
            "model_revision": {
              "type": "null"
            },
            "completed_at": {
              "type": "null"
            },
            "size_bytes": {
              "type": "null"
            },
            "shard_count": {
              "type": "null"
            }
          }
        },
        "backlog": {
          "type": "object",
          "properties": {
            "total_conversations": {
              "type": "integer"
            },
            "fast_tier_processed": {
              "type": "integer"
            },
            "fast_tier_remaining": {
              "type": "integer"
            },
            "quality_tier_processed": {
              "type": "integer"
            },
            "quality_tier_remaining": {
              "type": "integer"
            },
            "pending_work": {
              "type": "boolean"
            },
            "current_db_matches": {
              "type": "null"
            },
            "computed_at": {
              "type": "null"
            }
          }
        },
        "checkpoint": {
          "type": "object",
          "properties": {
            "active": {
              "type": "boolean"
            },
            "tier": {
              "type": "null"
            },
            "current_db_matches": {
              "type": "null"
            },
            "completed": {
              "type": "null"
            },
            "conversations_processed": {
              "type": "null"
            },
            "total_conversations": {
              "type": "null"
            },
            "progress_pct": {
              "type": "null"
            },
            "docs_embedded": {
              "type": "null"
            },
            "last_offset": {
              "type": "null"
            },
            "saved_at": {
              "type": "null"
            }
          }
        }
      }
    },
    "derived_semantic_assets": {
      "type": "object",
      "properties": {
        "schema_version": {
          "type": "integer"
        },
        "status": {
          "type": "string"
        },
        "doctor_check_status": {
          "type": "string"
        },
        "asset_class": {
          "type": "string"
        },
        "safety_classification": {
          "type": "string"
        },
        "fallback_mode": {
          "type": "string"
        },
        "semantic_status": {
          "type": "string"
        },
        "semantic_availability": {
          "type": "string"
        },
        "can_search": {
          "type": "boolean"
        },
        "lexical_search_unblocked": {
          "type": "boolean"
        },
        "blocks_archive_recovery": {
          "type": "boolean"
        },
        "safe_to_rebuild": {
          "type": "boolean"
        },
        "safe_for_auto_repair": {
          "type": "boolean"
        },
        "network_allowed": {
          "type": "boolean"
        },
        "auto_download_allowed": {
          "type": "boolean"
        },
        "auto_download_attempted": {
          "type": "boolean"
        },
        "skipped_auto_download_reason": {
          "type": "string"
        },
        "model_policy": {
          "type": "string"
        },
        "selected_repair_action": {
          "type": "string"
        },
        "recommended_action": {
          "type": "string"
        },
        "probe_duration_ms": {
          "type": "integer"
        },
        "redaction_status": {
          "type": "string"
        },
        "receipt_path": {
          "type": "null"
        },
        "model_cache": {
          "type": "object",
          "properties": {
            "asset_class": {
              "type": "string"
            },
            "safety_classification": {
              "type": "string"
            },
            "status": {
              "type": "string"
            },
            "safe_to_rebuild": {
              "type": "boolean"
            },
            "safe_for_auto_repair": {
              "type": "boolean"
            },
            "blocks_archive_recovery": {
              "type": "boolean"
            },
            "network_allowed": {
              "type": "boolean"
            },
            "auto_download_attempted": {
              "type": "boolean"
            },
            "path": {
              "type": "null"
            },
            "redacted_path": {
              "type": "null"
            },
            "current_db_matches": {
              "type": "null"
            },
            "ready": {
              "type": "boolean"
            },
            "present": {
              "type": "null"
            },
            "note": {
              "type": "string"
            }
          }
        },
        "vector_index": {
          "type": "object",
          "properties": {
            "asset_class": {
              "type": "string"
            },
            "safety_classification": {
              "type": "string"
            },
            "status": {
              "type": "string"
            },
            "safe_to_rebuild": {
              "type": "boolean"
            },
            "safe_for_auto_repair": {
              "type": "boolean"
            },
            "blocks_archive_recovery": {
              "type": "boolean"
            },
            "network_allowed": {
              "type": "boolean"
            },
            "auto_download_attempted": {
              "type": "boolean"
            },
            "path": {
              "type": "null"
            },
            "redacted_path": {
              "type": "null"
            },
            "current_db_matches": {
              "type": "null"
            },
            "ready": {
              "type": "boolean"
            },
            "present": {
              "type": "boolean"
            },
            "note": {
              "type": "string"
            }
          }
        },
        "hnsw_index": {
          "type": "object",
          "properties": {
            "asset_class": {
              "type": "string"
            },
            "safety_classification": {
              "type": "string"
            },
            "status": {
              "type": "string"
            },
            "safe_to_rebuild": {
              "type": "boolean"
            },
            "safe_for_auto_repair": {
              "type": "boolean"
            },
            "blocks_archive_recovery": {
              "type": "boolean"
            },
            "network_allowed": {
              "type": "boolean"
            },
            "auto_download_attempted": {
              "type": "boolean"
            },
            "path": {
              "type": "null"
            },
            "redacted_path": {
              "type": "null"
            },
            "current_db_matches": {
              "type": "null"
            },
            "ready": {
              "type": "boolean"
            },
            "present": {
              "type": "null"
            },
            "note": {
              "type": "string"
            }
          }
        },
        "memoization_cache": {
          "type": "object",
          "properties": {
            "asset_class": {
              "type": "string"
            },
            "safety_classification": {
              "type": "string"
            },
            "status": {
              "type": "string"
            },
            "safe_to_rebuild": {
              "type": "boolean"
            },
            "safe_for_auto_repair": {
              "type": "boolean"
            },
            "blocks_archive_recovery": {
              "type": "boolean"
            },
            "network_allowed": {
              "type": "boolean"
            },
            "auto_download_attempted": {
              "type": "boolean"
            },
            "path": {
              "type": "null"
            },
            "redacted_path": {
              "type": "null"
            },
            "current_db_matches": {
              "type": "null"
            },
            "ready": {
              "type": "null"
            },
            "present": {
              "type": "null"
            },
            "note": {
              "type": "string"
            }
          }
        },
        "notes": {
          "type": "array",
          "items": {
            "type": "string"
          }
        }
      }
    },
    "storage_pressure": {
      "type": "object",
      "properties": {
        "schema_version": {
          "type": "integer"
        },
        "status": {
          "type": "string"
        },
        "data_dir_exists": {
          "type": "boolean"
        },
        "probe_path": {
          "type": "string"
        },
        "available_bytes": {
          "type": "integer"
        },
        "min_recommended_free_bytes": {
          "type": "integer"
        },
        "low_disk_risk": {
          "type": "string"
        },
        "full_rebuild_readiness": {
          "type": "object",
          "properties": {
            "status": {
              "type": "string"
            },
            "enforced": {
              "type": "boolean"
            },
            "formula": {
              "type": "string"
            },
            "required_bytes": {
              "type": "integer"
            },
            "floor_bytes": {
              "type": "integer"
            },
            "db_bundle_bytes": {
              "type": "integer"
            },
            "lexical_index_bytes": {
              "type": "integer"
            },
            "retired_segment_bytes": {
              "type": "integer"
            },
            "retired_segment_files": {
              "type": "integer"
            },
            "retained_publish_backup_bytes": {
              "type": "integer"
            },
            "available_bytes": {
              "type": "integer"
            },
            "shortfall_bytes": {
              "type": "integer"
            },
            "probe_path": {
              "type": "string"
            },
            "probe_paths": {
              "type": "array",
              "items": {
                "type": "string"
              }
            },
            "notes": {
              "type": "array",
              "items": {
                "type": "string"
              }
            }
          }
        },
        "total_accounted_bytes": {
          "type": "integer"
        },
        "reclaimable_derived_bytes": {
          "type": "integer"
        },
        "precious_evidence_bytes": {
          "type": "integer"
        },
        "protected_non_reclaimable_bytes": {
          "type": "integer"
        },
        "unknown_bytes": {
          "type": "integer"
        },
        "reclaimable_bytes_by_class": {
          "type": "object",
          "properties": {}
        },
        "precious_bytes_by_class": {
          "type": "object",
          "properties": {}
        },
        "protected_bytes_by_class": {
          "type": "object",
          "properties": {}
        },
        "bytes_by_class": {
          "type": "object",
          "properties": {}
        },
        "safe_cleanup_scope": {
          "type": "array",
          "items": {
            "type": "unknown"
          }
        },
        "precious_evidence_classes": {
          "type": "array",
          "items": {
            "type": "unknown"
          }
        },
        "classification_warnings": {
          "type": "array",
          "items": {
            "type": "unknown"
          }
        },
        "recommended_action": {
          "type": "string"
        },
        "notes": {
          "type": "array",
          "items": {
            "type": "string"
          }
        }
      }
    },
    "storage_integrity": {
      "type": "object",
      "properties": {
        "storage_state": {
          "type": "string"
        },
        "source_of_truth_risk": {
          "type": "string"
        },
        "archive_readability": {
          "type": "string"
        },
        "checks_attempted": {
          "type": "array",
          "items": {
            "type": "object",
            "properties": {
              "name": {
                "type": "string"
              },
              "elapsed_ms": {
                "type": "integer"
              },
              "timed_out": {
                "type": "boolean"
              },
              "skipped_reason": {
                "type": "string"
              },
              "read_only": {
                "type": "boolean"
              }
            }
          }
        }
      }
    },
    "daemon_runtime": {
      "type": "object",
      "properties": {
        "schema_version": {
          "type": "integer"
        },
        "state": {
          "type": "string"
        },
        "observation": {
          "type": "object",
          "properties": {
            "socket_path": {
              "type": "string"
            },
            "data_dir": {
              "type": "string"
            },
            "run_lock_present": {
              "type": "boolean"
            },
            "socket_present": {
              "type": "boolean"
            },
            "socket_connectable": {
              "type": "boolean"
            },
            "connect_timed_out": {
              "type": "boolean"
            }
          }
        },
        "recovery": {
          "type": "object",
          "properties": {
            "action_needed": {
              "type": "boolean"
            },
            "disposable_runtime_artifact": {
              "type": "boolean"
            },
            "why": {
              "type": "string"
            }
          }
        }
      }
    },
    "asset_taxonomy": {
      "type": "array",
      "items": {
        "type": "object",
        "properties": {
          "asset_class": {
            "type": "string"
          },
          "safety_classification": {
            "type": "string"
          },
          "derived": {
            "type": "boolean"
          },
          "precious": {
            "type": "boolean"
          },
          "auto_delete_allowed": {
            "type": "boolean"
          },
          "safe_to_gc_allowed": {
            "type": "boolean"
          },
          "allowed_operations": {
            "type": "array",
            "items": {
              "type": "string"
            }
          },
          "notes": {
            "type": "string"
          }
        }
      }
    },
    "anomaly_taxonomy": {
      "type": "array",
      "items": {
        "type": "object",
        "properties": {
          "anomaly_class": {
            "type": "string"
          },
          "health_class": {
            "type": "string"
          },
          "severity": {
            "type": "string"
          },
          "affected_asset_class": {
            "type": "string"
          },
          "data_loss_risk": {
            "type": "string"
          },
          "default_outcome_kind": {
            "type": "string"
          },
          "safe_for_auto_repair": {
            "type": "boolean"
          },
          "recommended_action": {
            "type": "string"
          }
        }
      }
    },
    "repair_contract": {
      "type": "object",
      "properties": {
        "default_mode": {
          "type": "string"
        },
        "default_non_destructive": {
          "type": "boolean"
        },
        "fail_closed": {
          "type": "boolean"
        },
        "plan_receipt_schema": {
          "type": "object",
          "properties": {
            "plan_schema_version": {
              "type": "integer"
            },
            "receipt_schema_version": {
              "type": "integer"
            },
            "action_schema_version": {
              "type": "integer"
            },
            "artifact_schema_version": {
              "type": "integer"
            },
            "fingerprint_algorithm": {
              "type": "string"
            },
            "plan_fingerprint_includes": {
              "type": "array",
              "items": {
                "type": "string"
              }
            },
            "receipt_required_fields": {
              "type": "array",
              "items": {
                "type": "string"
              }
            },
            "action_statuses": {
              "type": "array",
              "items": {
                "type": "string"
              }
            },
            "artifact_checksum_statuses": {
              "type": "array",
              "items": {
                "type": "string"
              }
            },
            "drift_detection_statuses": {
              "type": "array",
              "items": {
                "type": "string"
              }
            },
            "redaction_contract": {
              "type": "string"
            },
            "tamper_evidence_scope": {
              "type": "string"
            }
          }
        },
        "verification_contract": {
          "type": "object",
          "properties": {
            "schema_version": {
              "type": "integer"
            },
            "artifact_directory_contract": {
              "type": "string"
            },
            "manifest_file": {
              "type": "string"
            },
            "per_step_log_contract": {
              "type": "string"
            },
            "required_manifest_fields": {
              "type": "array",
              "items": {
                "type": "string"
              }
            },
            "required_step_log_fields": {
              "type": "array",
              "items": {
                "type": "string"
              }
            },
            "required_inventory_fields": {
              "type": "array",
              "items": {
                "type": "string"
              }
            },
            "required_receipt_fields": {
              "type": "array",
              "items": {
                "type": "string"
              }
            },
            "required_redaction_guarantees": {
              "type": "array",
              "items": {
                "type": "string"
              }
            },
            "matrix": {
              "type": "array",
              "items": {
                "type": "object",
                "properties": {
                  "scenario_id": {
                    "type": "string"
                  },
                  "feature_area": {
                    "type": "string"
                  },
                  "proof_layers": {
                    "type": "array",
                    "items": {
                      "type": "string"
                    }
                  },
                  "representative_commands": {
                    "type": "array",
                    "items": {
                      "type": "string"
                    }
                  },
                  "required_artifacts": {
                    "type": "array",
                    "items": {
                      "type": "string"
                    }
                  },
                  "mutation_audit_required": {
                    "type": "boolean"
                  },
                  "redaction_required": {
                    "type": "boolean"
                  },
                  "archive_preservation_assertion": {
                    "type": "string"
                  },
                  "notes": {
                    "type": "string"
                  }
                }
              }
            }
          }
        },
        "approval_requirements": {
          "type": "array",
          "items": {
            "type": "string"
          }
        },
        "outcome_kinds": {
          "type": "array",
          "items": {
            "type": "string"
          }
        },
        "operation_outcome_kinds": {
          "type": "array",
          "items": {
            "type": "string"
          }
        },
        "operation_outcome_contract": {
          "type": "array",
          "items": {
            "type": "object",
            "properties": {
              "kind": {
                "type": "string"
              },
              "reason": {
                "type": "string"
              },
              "action_taken": {
                "type": "string"
              },
              "action_not_taken": {
                "type": "string"
              },
              "safe_to_retry": {
                "type": "boolean"
              },
              "requires_override": {
                "type": "boolean"
              },
              "data_loss_risk": {
                "type": "string"
              },
              "next_command": {
                "type": "null"
              },
              "artifact_manifest_path": {
                "type": "null"
              },
              "exit_code_kind": {
                "type": "string"
              }
            }
          }
        },
        "retry_safety_kinds": {
          "type": "array",
          "items": {
            "type": "string"
          }
        },
        "mode_policies": {
          "type": "array",
          "items": {
            "type": "object",
            "properties": {
              "mode": {
                "type": "string"
              },
              "mutates": {
                "type": "boolean"
              },
              "robot_allowed": {
                "type": "boolean"
              },
              "approval_requirement": {
                "type": "string"
              },
              "allowed_mutation_asset_classes": {
                "type": "array",
                "items": {
                  "type": "unknown"
                }
              },
              "required_fields": {
                "type": "array",
                "items": {
                  "type": "string"
                }
              },
              "stdout_contract": {
                "type": "string"
              },
              "stderr_contract": {
                "type": "string"
              },
              "aborts_on": {
                "type": "array",
                "items": {
                  "type": "string"
                }
              },
              "notes": {
                "type": "string"
              }
            }
          }
        },
        "legacy_aliases": {
          "type": "array",
          "items": {
            "type": "object",
            "properties": {
              "invocation": {
                "type": "string"
              },
              "mode": {
                "type": "string"
              },
              "notes": {
                "type": "string"
              }
            }
          }
        }
      }
    },
    "config_exclusion_risks": {
      "type": "array",
      "items": {
        "type": "unknown"
      }
    },
    "source_inventory": {
      "type": "object",
      "properties": {
        "schema_version": {
          "type": "integer"
        },
        "db_available": {
          "type": "boolean"
        },
        "total_indexed_conversations": {
          "type": "integer"
        },
        "provider_counts": {
          "type": "object",
          "properties": {}
        },
        "missing_current_source_count": {
          "type": "integer"
        },
        "unknown_mapping_count": {
          "type": "integer"
        },
        "remote_source_count": {
          "type": "integer"
        },
        "local_source_count": {
          "type": "integer"
        },
        "detected_provider_root_count": {
          "type": "integer"
        },
        "providers": {
          "type": "array",
          "items": {
            "type": "unknown"
          }
        },
        "sources": {
          "type": "array",
          "items": {
            "type": "unknown"
          }
        },
        "detected_roots": {
          "type": "array",
          "items": {
            "type": "unknown"
          }
        },
        "notes": {
          "type": "array",
          "items": {
            "type": "string"
          }
        }
      }
    },
    "remote_source_sync": {
      "type": "object",
      "properties": {
        "schema_version": {
          "type": "integer"
        },
        "status": {
          "type": "string"
        },
        "config_path": {
          "type": "string"
        },
        "redacted_config_path": {
          "type": "string"
        },
        "config_available": {
          "type": "boolean"
        },
        "sync_status_path": {
          "type": "string"
        },
        "redacted_sync_status_path": {
          "type": "string"
        },
        "sync_status_available": {
          "type": "boolean"
        },
        "live_remote_probe_attempted": {
          "type": "boolean"
        },
        "remote_source_state": {
          "type": "string"
        },
        "sync_staleness": {
          "type": "string"
        },
        "local_mirror_state": {
          "type": "string"
        },
        "configured_source_count": {
          "type": "integer"
        },
        "configured_remote_source_count": {
          "type": "integer"
        },
        "configured_local_source_count": {
          "type": "integer"
        },
        "archive_remote_conversation_count": {
          "type": "integer"
        },
        "archive_remote_source_count": {
          "type": "integer"
        },
        "stale_sync_status_entry_count": {
          "type": "integer"
        },
        "missing_sync_status_count": {
          "type": "integer"
        },
        "never_synced_count": {
          "type": "integer"
        },
        "sync_due_count": {
          "type": "integer"
        },
        "failed_sync_count": {
          "type": "integer"
        },
        "partial_failure_count": {
          "type": "integer"
        },
        "auth_failed_count": {
          "type": "integer"
        },
        "backing_off_count": {
          "type": "integer"
        },
        "local_mirror_missing_count": {
          "type": "integer"
        },
        "local_mirror_empty_count": {
          "type": "integer"
        },
        "local_mirror_probe_error_count": {
          "type": "integer"
        },
        "unconfigured_archive_remote_source_count": {
          "type": "integer"
        },
        "sources": {
          "type": "array",
          "items": {
            "type": "unknown"
          }
        },
        "archive_remote_sources": {
          "type": "array",
          "items": {
            "type": "unknown"
          }
        },
        "sync_gaps": {
          "type": "array",
          "items": {
            "type": "unknown"
          }
        },
        "recommended_sync_commands": {
          "type": "array",
          "items": {
            "type": "unknown"
          }
        },
        "notes": {
          "type": "array",
          "items": {
            "type": "string"
          }
        }
      }
    },
    "raw_mirror": {
      "type": "object",
      "properties": {
        "schema_version": {
          "type": "integer"
        },
        "status": {
          "type": "string"
        },
        "redacted_root_path": {
          "type": "string"
        },
        "exists": {
          "type": "boolean"
        },
        "sensitive_paths_included": {
          "type": "boolean"
        },
        "raw_content_included": {
          "type": "boolean"
        },
        "layout": {
          "type": "object",
          "properties": {
            "root_relative_path": {
              "type": "string"
            },
            "manifest_kind": {
              "type": "string"
            },
            "hash_algorithm": {
              "type": "string"
            },
            "blob_path_template": {
              "type": "string"
            },
            "manifest_path_template": {
              "type": "string"
            },
            "verification_path_template": {
              "type": "string"
            },
            "temp_path_template": {
              "type": "string"
            },
            "content_address_scope": {
              "type": "string"
            },
            "source_identity_scope": {
              "type": "string"
            },
            "db_link_contract": {
              "type": "string"
            },
            "case_insensitive_collision_behavior": {
              "type": "string"
            },
            "migration_contract": {
              "type": "string"
            }
          }
        },
        "policy": {
          "type": "object",
          "properties": {
            "append_only": {
              "type": "boolean"
            },
            "global_dedup_by_content_hash": {
              "type": "boolean"
            },
            "never_overwrite_different_bytes": {
              "type": "boolean"
            },
            "storage_scope": {
              "type": "string"
            },
            "local_only_by_default": {
              "type": "boolean"
            },
            "directory_mode_octal": {
              "type": "string"
            },
            "file_mode_octal": {
              "type": "string"
            },
            "enforce_private_files": {
              "type": "boolean"
            },
            "atomic_publish": {
              "type": "string"
            },
            "fsync_required": {
              "type": "boolean"
            },
            "path_traversal_defense": {
              "type": "string"
            },
            "symlink_defense": {
              "type": "string"
            },
            "default_report_contract": {
              "type": "string"
            },
            "sensitive_output_policy": {
              "type": "object",
              "properties": {
                "default_includes_exact_paths": {
                  "type": "boolean"
                },
                "default_includes_raw_content": {
                  "type": "boolean"
                },
                "safe_metadata_fields": {
                  "type": "array",
                  "items": {
                    "type": "string"
                  }
                },
                "redacted_by_default_fields": {
                  "type": "array",
                  "items": {
                    "type": "string"
                  }
                },
                "opt_in_sensitive_modes": {
                  "type": "array",
                  "items": {
                    "type": "string"
                  }
                },
                "redaction_marker_contract": {
                  "type": "string"
                }
              }
            },
            "compression_policy": {
              "type": "object",
              "properties": {
                "default_state": {
                  "type": "string"
                },
                "optional": {
                  "type": "boolean"
                },
                "allowed_states": {
                  "type": "array",
                  "items": {
                    "type": "string"
                  }
                },
                "required_metadata_fields": {
                  "type": "array",
                  "items": {
                    "type": "string"
                  }
                },
                "raw_content_hash_scope": {
                  "type": "string"
                }
              }
            },
            "encryption_policy": {
              "type": "object",
              "properties": {
                "default_state": {
                  "type": "string"
                },
                "optional": {
                  "type": "boolean"
                },
                "allowed_states": {
                  "type": "array",
                  "items": {
                    "type": "string"
                  }
                },
                "required_metadata_fields": {
                  "type": "array",
                  "items": {
                    "type": "string"
                  }
                },
                "key_material_reporting": {
                  "type": "string"
                },
                "integrity_contract": {
                  "type": "string"
                }
              }
            },
            "backup_policy": {
              "type": "object",
              "properties": {
                "included_in_default_backup": {
                  "type": "boolean"
                },
                "backup_mode": {
                  "type": "string"
                },
                "backup_contents": {
                  "type": "array",
                  "items": {
                    "type": "string"
                  }
                },
                "restore_precondition": {
                  "type": "string"
                }
              }
            },
            "support_bundle_policy": {
              "type": "object",
              "properties": {
                "default_mode": {
                  "type": "string"
                },
                "include_manifest_metadata": {
                  "type": "boolean"
                },
                "include_blob_bytes": {
                  "type": "boolean"
                },
                "include_exact_paths": {
                  "type": "boolean"
                },
                "sensitive_attachment_gate": {
                  "type": "string"
                }
              }
            },
            "public_export_policy": {
              "type": "object",
              "properties": {
                "pages_exports_include_raw_mirror": {
                  "type": "boolean"
                },
                "html_exports_include_raw_mirror": {
                  "type": "boolean"
                },
                "default_logs_include_raw_content": {
                  "type": "boolean"
                },
                "default_robot_json_includes_raw_content": {
                  "type": "boolean"
                },
                "public_artifact_contract": {
                  "type": "string"
                }
              }
            },
            "compression_contract": {
              "type": "string"
            },
            "encryption_contract": {
              "type": "string"
            },
            "support_bundle_redaction_contract": {
              "type": "string"
            },
            "missing_upstream_semantics": {
              "type": "string"
            }
          }
        },
        "summary": {
          "type": "object",
          "properties": {
            "manifest_count": {
              "type": "integer"
            },
            "verified_blob_count": {
              "type": "integer"
            },
            "missing_blob_count": {
              "type": "integer"
            },
            "checksum_mismatch_count": {
              "type": "integer"
            },
            "manifest_checksum_mismatch_count": {
              "type": "integer"
            },
            "manifest_checksum_not_recorded_count": {
              "type": "integer"
            },
            "invalid_manifest_count": {
              "type": "integer"
            },
            "interrupted_capture_count": {
              "type": "integer"
            },
            "duplicate_blob_reference_count": {
              "type": "integer"
            },
            "total_blob_bytes": {
              "type": "integer"
            },
            "orphan_blob_count": {
              "type": "integer"
            },
            "orphan_blob_bytes": {
              "type": "integer"
            },
            "amplified_source_count": {
              "type": "integer"
            },
            "amplified_source_referenced_bytes": {
              "type": "integer"
            },
            "amplified_source_excess_bytes": {
              "type": "integer"
            },
            "max_source_amplification_ratio_milli": {
              "type": "null"
            },
            "listed_manifest_count": {
              "type": "integer"
            },
            "omitted_healthy_manifest_count": {
              "type": "integer"
            },
            "listing_mode": {
              "type": "string"
            }
          }
        },
        "manifests": {
          "type": "array",
          "items": {
            "type": "unknown"
          }
        },
        "amplified_sources": {
          "type": "array",
          "items": {
            "type": "unknown"
          }
        },
        "warnings": {
          "type": "array",
          "items": {
            "type": "unknown"
          }
        },
        "notes": {
          "type": "array",
          "items": {
            "type": "string"
          }
        }
      }
    },
    "raw_mirror_backfill": {
      "type": "object",
      "properties": {
        "schema_version": {
          "type": "integer"
        },
        "backfill_generation": {
          "type": "integer"
        },
        "mode": {
          "type": "string"
        },
        "status": {
          "type": "string"
        },
        "db_available": {
          "type": "boolean"
        },
        "total_candidate_count": {
          "type": "integer"
        },
        "already_raw_source_captured_count": {
          "type": "integer"
        },
        "eligible_live_source_count": {
          "type": "integer"
        },
        "existing_raw_manifest_link_count": {
          "type": "integer"
        },
        "captured_live_source_count": {
          "type": "integer"
        },
        "already_present_capture_count": {
          "type": "integer"
        },
        "source_missing_count": {
          "type": "integer"
        },
        "db_projection_only_count": {
          "type": "integer"
        },
        "remote_or_unknown_mapping_count": {
          "type": "integer"
        },
        "changed_source_hash_count": {
          "type": "integer"
        },
        "capture_failure_count": {
          "type": "integer"
        },
        "external_source_mutation_count": {
          "type": "integer"
        },
        "read_only_external_source_dirs": {
          "type": "boolean"
        },
        "forensic_bundle": {
          "type": "object",
          "properties": {
            "bundle_id": {
              "type": "null"
            },
            "path": {
              "type": "null"
            },
            "redacted_path": {
              "type": "null"
            },
            "manifest_path": {
              "type": "null"
            },
            "redacted_manifest_path": {
              "type": "null"
            },
            "checksum_blake3": {
              "type": "null"
            },
            "status": {
              "type": "string"
            },
            "created_at_ms": {
              "type": "null"
            },
            "artifact_count": {
              "type": "integer"
            },
            "copied_artifact_count": {
              "type": "integer"
            },
            "missing_artifact_count": {
              "type": "integer"
            },
            "failed_artifact_count": {
              "type": "integer"
            },
            "sidecar_complete": {
              "type": "boolean"
            },
            "redaction_status": {
              "type": "string"
            },
            "blocked_reason": {
              "type": "null"
            },
            "artifacts": {
              "type": "array",
              "items": {
                "type": "unknown"
              }
            }
          }
        },
        "receipts": {
          "type": "array",
          "items": {
            "type": "unknown"
          }
        },
        "warnings": {
          "type": "array",
          "items": {
            "type": "unknown"
          }
        },
        "notes": {
          "type": "array",
          "items": {
            "type": "string"
          }
        }
      }
    },
    "coverage_summary": {
      "type": "object",
      "properties": {
        "schema_version": {
          "type": "integer"
        },
        "confidence_tier": {
          "type": "string"
        },
        "archive_conversation_count": {
          "type": "integer"
        },
        "archived_message_count": {
          "type": "integer"
        },
        "provider_count": {
          "type": "integer"
        },
        "source_identity_count": {
          "type": "integer"
        },
        "visible_current_source_count": {
          "type": "integer"
        },
        "visible_current_source_bytes": {
          "type": "integer"
        },
        "raw_mirror_manifest_count": {
          "type": "integer"
        },
        "raw_mirror_db_link_count": {
          "type": "integer"
        },
        "db_without_raw_mirror_count": {
          "type": "integer"
        },
        "db_projection_only_count": {
          "type": "integer"
        },
        "mirror_without_db_link_count": {
          "type": "integer"
        },
        "missing_current_source_count": {
          "type": "integer"
        },
        "sole_copy_candidate_count": {
          "type": "integer"
        },
        "current_source_newer_than_archive_count": {
          "type": "integer"
        },
        "remote_source_count": {
          "type": "integer"
        },
        "unknown_mapping_count": {
          "type": "integer"
        },
        "earliest_started_at_ms": {
          "type": "null"
        },
        "latest_started_at_ms": {
          "type": "null"
        },
        "coverage_reducing_live_source_rebuild_refused": {
          "type": "boolean"
        },
        "recommended_action": {
          "type": "string"
        },
        "notes": {
          "type": "array",
          "items": {
            "type": "string"
          }
        }
      }
    },
    "sole_copy_warnings": {
      "type": "array",
      "items": {
        "type": "unknown"
      }
    },
    "detail_output": {
      "type": "object",
      "properties": {
        "mode": {
          "type": "string"
        },
        "limit_per_collection": {
          "type": "integer"
        },
        "details_truncated": {
          "type": "boolean"
        },
        "raw_mirror_backfill_receipts_total": {
          "type": "integer"
        },
        "raw_mirror_backfill_receipts_returned": {
          "type": "integer"
        },
        "raw_mirror_backfill_receipts_omitted": {
          "type": "integer"
        },
        "sole_copy_warnings_total": {
          "type": "integer"
        },
        "sole_copy_warnings_returned": {
          "type": "integer"
        },
        "sole_copy_warnings_omitted": {
          "type": "integer"
        },
        "full_details_command": {
          "type": "null"
        },
        "note": {
          "type": "string"
        }
      }
    },
    "coverage_risk": {
      "type": "object",
      "properties": {
        "schema_version": {
          "type": "integer"
        },
        "status": {
          "type": "string"
        },
        "confidence_tier": {
          "type": "string"
        },
        "archive_conversation_count": {
          "type": "integer"
        },
        "missing_current_source_count": {
          "type": "integer"
        },
        "db_without_raw_mirror_count": {
          "type": "integer"
        },
        "db_projection_only_count": {
          "type": "integer"
        },
        "mirror_without_db_link_count": {
          "type": "integer"
        },
        "current_source_newer_than_archive_count": {
          "type": "integer"
        },
        "raw_mirror_db_link_count": {
          "type": "integer"
        },
        "sole_copy_warning_count": {
          "type": "integer"
        },
        "recommended_action": {
          "type": "string"
        }
      }
    },
    "source_authority": {
      "type": "object",
      "properties": {
        "schema_version": {
          "type": "integer"
        },
        "decision": {
          "type": "string"
        },
        "selected_authority": {
          "type": "null"
        },
        "selected_authorities": {
          "type": "array",
          "items": {
            "type": "unknown"
          }
        },
        "rejected_authorities": {
          "type": "array",
          "items": {
            "type": "object",
            "properties": {
              "authority": {
                "type": "string"
              },
              "decision": {
                "type": "string"
              },
              "reason": {
                "type": "string"
              },
              "repairs": {
                "type": "array",
                "items": {
                  "type": "string"
                }
              },
              "coverage_delta": {
                "type": "integer"
              },
              "freshness_delta_ms": {
                "type": "null"
              },
              "checksum_status": {
                "type": "string"
              },
              "evidence": {
                "type": "array",
                "items": {
                  "type": "string"
                }
              }
            }
          }
        },
        "coverage_delta": {
          "type": "object",
          "properties": {
            "archive_conversation_count": {
              "type": "integer"
            },
            "visible_local_source_conversation_count": {
              "type": "integer"
            },
            "missing_current_source_count": {
              "type": "integer"
            },
            "remote_source_count": {
              "type": "integer"
            },
            "unknown_mapping_count": {
              "type": "integer"
            },
            "raw_mirror_db_link_count": {
              "type": "integer"
            },
            "visible_local_source_minus_archive": {
              "type": "integer"
            },
            "raw_mirror_links_minus_archive": {
              "type": "integer"
            }
          }
        },
        "freshness_delta": {
          "type": "object",
          "properties": {
            "archive_db_modified_at_ms": {
              "type": "null"
            },
            "newest_raw_mirror_capture_at_ms": {
              "type": "null"
            },
            "newest_raw_mirror_source_mtime_ms": {
              "type": "null"
            },
            "raw_mirror_capture_minus_archive_db_ms": {
              "type": "null"
            },
            "freshness_state": {
              "type": "string"
            }
          }
        },
        "checksum_evidence": {
          "type": "object",
          "properties": {
            "raw_mirror_status": {
              "type": "string"
            },
            "raw_mirror_manifest_count": {
              "type": "integer"
            },
            "raw_mirror_verified_blob_count": {
              "type": "integer"
            },
            "raw_mirror_missing_blob_count": {
              "type": "integer"
            },
            "raw_mirror_checksum_mismatch_count": {
              "type": "integer"
            },
            "raw_mirror_manifest_checksum_mismatch_count": {
              "type": "integer"
            },
            "raw_mirror_manifest_checksum_not_recorded_count": {
              "type": "integer"
            },
            "raw_mirror_invalid_manifest_count": {
              "type": "integer"
            },
            "summary_status": {
              "type": "string"
            }
          }
        },
        "matrix": {
          "type": "array",
          "items": {
            "type": "object",
            "properties": {
              "authority": {
                "type": "string"
              },
              "repairs": {
                "type": "array",
                "items": {
                  "type": "string"
                }
              },
              "required_evidence": {
                "type": "array",
                "items": {
                  "type": "string"
                }
              },
              "refuses_when": {
                "type": "array",
                "items": {
                  "type": "string"
                }
              },
              "decision_when_valid": {
                "type": "string"
              },
              "notes": {
                "type": "string"
              }
            }
          }
        },
        "notes": {
          "type": "array",
          "items": {
            "type": "string"
          }
        }
      }
    },
    "candidate_staging": {
      "type": "object",
      "properties": {
        "schema_version": {
          "type": "integer"
        },
        "status": {
          "type": "string"
        },
        "root_path": {
          "type": "string"
        },
        "redacted_root_path": {
          "type": "string"
        },
        "exists": {
          "type": "boolean"
        },
        "total_candidate_count": {
          "type": "integer"
        },
        "completed_candidate_count": {
          "type": "integer"
        },
        "in_progress_candidate_count": {
          "type": "integer"
        },
        "interrupted_candidate_count": {
          "type": "integer"
        },
        "blocked_candidate_count": {
          "type": "integer"
        },
        "orphaned_candidate_count": {
          "type": "integer"
        },
        "latest_build": {
          "type": "null"
        },
        "candidates": {
          "type": "array",
          "items": {
            "type": "unknown"
          }
        },
        "warnings": {
          "type": "array",
          "items": {
            "type": "unknown"
          }
        },
        "notes": {
          "type": "array",
          "items": {
            "type": "string"
          }
        }
      }
    },
    "checks": {
      "type": "array",
      "items": {
        "type": "object",
        "properties": {
          "name": {
            "type": "string"
          },
          "status": {
            "type": "string"
          },
          "message": {
            "type": "string"
          },
          "anomaly_class": {
            "type": "string"
          },
          "health_class": {
            "type": "string"
          },
          "severity": {
            "type": "string"
          },
          "affected_asset_class": {
            "type": "string"
          },
          "data_loss_risk": {
            "type": "string"
          },
          "recommended_action": {
            "type": "string"
          },
          "safe_for_auto_repair": {
            "type": "boolean"
          },
          "default_outcome_kind": {
            "type": "string"
          },
          "fix_available": {
            "type": "boolean"
          },
          "fix_applied": {
            "type": "boolean"
          }
        }
      }
    },
    "quarantine": {
      "type": "object",
      "properties": {
        "summary": {
          "type": "object",
          "properties": {
            "failed_seed_bundle_count": {
              "type": "integer"
            },
            "retained_publish_backup_count": {
              "type": "integer"
            },
            "retained_publish_backup_retention_limit": {
              "type": "integer"
            },
            "lexical_generation_count": {
              "type": "integer"
            },
            "lexical_generation_build_state_counts": {
              "type": "object",
              "properties": {
                "building": {
                  "type": "integer"
                },
                "built": {
                  "type": "integer"
                },
                "failed": {
                  "type": "integer"
                },
                "scratch": {
                  "type": "integer"
                },
                "validated": {
                  "type": "integer"
                },
                "validating": {
                  "type": "integer"
                }
              }
            },
            "lexical_generation_publish_state_counts": {
              "type": "object",
              "properties": {
                "published": {
                  "type": "integer"
                },
                "quarantined": {
                  "type": "integer"
                },
                "staged": {
                  "type": "integer"
                },
                "superseded": {
                  "type": "integer"
                }
              }
            },
            "lexical_quarantined_generation_count": {
              "type": "integer"
            },
            "lexical_quarantined_shard_count": {
              "type": "integer"
            },
            "total_retained_bytes": {
              "type": "integer"
            },
            "gc_eligible_asset_count": {
              "type": "integer"
            },
            "gc_eligible_bytes": {
              "type": "integer"
            },
            "inspection_required_asset_count": {
              "type": "integer"
            },
            "inspection_required_bytes": {
              "type": "integer"
            },
            "cleanup_dry_run_generation_count": {
              "type": "integer"
            },
            "cleanup_dry_run_reclaim_candidate_count": {
              "type": "integer"
            },
            "cleanup_dry_run_reclaimable_bytes": {
              "type": "integer"
            },
            "cleanup_dry_run_retained_bytes": {
              "type": "integer"
            },
            "cleanup_dry_run_protected_generation_count": {
              "type": "integer"
            },
            "cleanup_dry_run_active_generation_count": {
              "type": "integer"
            },
            "cleanup_dry_run_inspection_required_count": {
              "type": "integer"
            },
            "cleanup_dry_run_approval_fingerprint": {
              "type": "string"
            },
            "cleanup_apply_allowed": {
              "type": "boolean"
            }
          }
        },
        "quarantined_artifacts": {
          "type": "array",
          "items": {
            "type": "unknown"
          }
        },
        "failed_seed_bundle_files": {
          "type": "array",
          "items": {
            "type": "unknown"
          }
        },
        "retained_publish_backups": {
          "type": "array",
          "items": {
            "type": "unknown"
          }
        },
        "lexical_generations": {
          "type": "array",
          "items": {
            "type": "unknown"
          }
        },
        "lexical_cleanup_dry_run": {
          "type": "object",
          "properties": {
            "dry_run": {
              "type": "boolean"
            },
            "approval_fingerprint": {
              "type": "string"
            },
            "generation_count": {
              "type": "integer"
            },
            "total_artifact_bytes": {
              "type": "integer"
            },
            "total_reclaimable_bytes": {
              "type": "integer"
            },
            "total_retained_bytes": {
              "type": "integer"
            },
            "reclaim_candidates": {
              "type": "array",
              "items": {
                "type": "unknown"
              }
            },
            "reclaimable_generation_ids": {
              "type": "array",
              "items": {
                "type": "unknown"
              }
            },
            "fully_retained_generation_ids": {
              "type": "array",
              "items": {
                "type": "unknown"
              }
            },
            "protected_generation_ids": {
              "type": "array",
              "items": {
                "type": "unknown"
              }
            },
            "protected_retained_bytes": {
              "type": "integer"
            },
            "quarantined_generation_ids": {
              "type": "array",
              "items": {
                "type": "unknown"
              }
            },
            "active_generation_ids": {
              "type": "array",
              "items": {
                "type": "unknown"
              }
            },
            "disposition_counts": {
              "type": "object",
              "properties": {}
            },
            "generation_disposition_summaries": {
              "type": "object",
              "properties": {}
            },
            "inspection_items": {
              "type": "array",
              "items": {
                "type": "unknown"
              }
            },
            "inspection_required_generation_ids": {
              "type": "array",
              "items": {
                "type": "unknown"
              }
            },
            "inspection_required_count": {
              "type": "integer"
            },
            "inspection_required_retained_bytes": {
              "type": "integer"
            },
            "shard_disposition_summaries": {
              "type": "object",
              "properties": {}
            },
            "inventories": {
              "type": "array",
              "items": {
                "type": "unknown"
              }
            }
          }
        },
        "lexical_cleanup_apply_gate": {
          "type": "object",
          "properties": {
            "apply_allowed": {
              "type": "boolean"
            },
            "dry_run": {
              "type": "boolean"
            },
            "explicit_operator_approval": {
              "type": "boolean"
            },
            "approval_fingerprint": {
              "type": "string"
            },
            "provided_approval_fingerprint": {
              "type": "null"
            },
            "approval_fingerprint_status": {
              "type": "string"
            },
            "approval_fingerprint_matches": {
              "type": "boolean"
            },
            "generation_count": {
              "type": "integer"
            },
            "total_artifact_bytes": {
              "type": "integer"
            },
            "total_retained_bytes": {
              "type": "integer"
            },
            "candidate_count": {
              "type": "integer"
            },
            "reclaimable_bytes": {
              "type": "integer"
            },
            "disposition_counts": {
              "type": "object",
              "properties": {}
            },
            "generation_disposition_summaries": {
              "type": "object",
              "properties": {}
            },
            "shard_disposition_summaries": {
              "type": "object",
              "properties": {}
            },
            "candidate_previews": {
              "type": "array",
              "items": {
                "type": "unknown"
              }
            },
            "reclaimable_generation_ids": {
              "type": "array",
              "items": {
                "type": "unknown"
              }
            },
            "fully_retained_generation_ids": {
              "type": "array",
              "items": {
                "type": "unknown"
              }
            },
            "quarantined_generation_ids": {
              "type": "array",
              "items": {
                "type": "unknown"
              }
            },
            "blocker_codes": {
              "type": "array",
              "items": {
                "type": "string"
              }
            },
            "blocked_reasons": {
              "type": "array",
              "items": {
                "type": "string"
              }
            },
            "active_generation_ids": {
              "type": "array",
              "items": {
                "type": "unknown"
              }
            },
            "protected_generation_ids": {
              "type": "array",
              "items": {
                "type": "unknown"
              }
            },
            "protected_retained_bytes": {
              "type": "integer"
            },
            "inspection_previews": {
              "type": "array",
              "items": {
                "type": "unknown"
              }
            },
            "inspection_required_count": {
              "type": "integer"
            },
            "inspection_required_retained_bytes": {
              "type": "integer"
            },
            "inspection_required_generation_ids": {
              "type": "array",
              "items": {
                "type": "unknown"
              }
            }
          }
        },
        "warnings": {
          "type": "array",
          "items": {
            "type": "unknown"
          }
        }
      }
    },
    "_meta": {
      "type": "object",
      "properties": {
        "elapsed_ms": {
          "type": "integer"
        },
        "data_dir": {
          "type": "string"
        },
        "db_path": {
          "type": "string"
        },
        "doctor_surface": {
          "type": "string"
        },
        "doctor_execution_mode": {
          "type": "string"
        },
        "fix_mode": {
          "type": "boolean"
        },
        "allow_repeated_repair": {
          "type": "boolean"
        }
      }
    }
  }
}