{
  "type": "object",
  "properties": {
    "status": {
      "type": "string"
    },
    "healthy": {
      "type": "boolean"
    },
    "exit_policy": {
      "type": "string"
    },
    "health_level": {
      "type": "string"
    },
    "initialized": {
      "type": "boolean"
    },
    "explanation": {
      "type": "string"
    },
    "warnings": {
      "type": "array",
      "items": {
        "type": "unknown"
      }
    },
    "data_dir": {
      "type": "string"
    },
    "recommended_action": {
      "type": "string"
    },
    "recommended_commands": {
      "type": "array",
      "items": {
        "type": "object",
        "properties": {
          "id": {
            "type": "string"
          },
          "command": {
            "type": "string"
          },
          "purpose": {
            "type": "string"
          },
          "safety": {
            "type": "string"
          },
          "run_when": {
            "type": "string"
          },
          "success_signal": {
            "type": "string"
          },
          "parse_fields": {
            "type": "array",
            "items": {
              "type": "string"
            }
          },
          "retry_after_ms": {
            "type": "null"
          }
        }
      }
    },
    "errors": {
      "type": "array",
      "items": {
        "type": "string"
      }
    },
    "latency_ms": {
      "type": "string"
    },
    "rebuild_progress": {
      "type": "object",
      "properties": {
        "active": {
          "type": "boolean"
        },
        "stalled": {
          "type": "boolean"
        },
        "last_progress_at": {
          "type": "null"
        },
        "last_progress_age_ms": {
          "type": "null"
        },
        "mode": {
          "type": "null"
        },
        "phase": {
          "type": "null"
        },
        "processed_conversations": {
          "type": "null"
        },
        "total_conversations": {
          "type": "null"
        },
        "remaining_conversations": {
          "type": "null"
        },
        "completion_ratio": {
          "type": "null"
        },
        "indexed_docs": {
          "type": "null"
        },
        "runtime_available": {
          "type": "boolean"
        },
        "queue_depth": {
          "type": "null"
        },
        "queue_capacity": {
          "type": "null"
        },
        "queue_headroom": {
          "type": "null"
        },
        "pending_batch_conversations": {
          "type": "null"
        },
        "pending_batch_message_bytes": {
          "type": "null"
        },
        "inflight_message_bytes": {
          "type": "null"
        },
        "max_message_bytes_in_flight": {
          "type": "null"
        },
        "inflight_message_bytes_headroom": {
          "type": "null"
        },
        "controller_mode": {
          "type": "null"
        },
        "controller_reason": {
          "type": "null"
        },
        "updated_at": {
          "type": "null"
        }
      }
    },
    "db": {
      "type": "object",
      "properties": {
        "exists": {
          "type": "boolean"
        },
        "opened": {
          "type": "boolean"
        },
        "conversations": {
          "type": "integer"
        },
        "messages": {
          "type": "integer"
        },
        "open_error": {
          "type": "null"
        },
        "counts_skipped": {
          "type": "boolean"
        },
        "open_skipped": {
          "type": "boolean"
        }
      }
    },
    "doctor_summary": {
      "type": "object",
      "properties": {
        "schema_version": {
          "type": "integer"
        },
        "surface": {
          "type": "string"
        },
        "mode": {
          "type": "string"
        },
        "status": {
          "type": "string"
        },
        "outcome_kind": {
          "type": "string"
        },
        "health_class": {
          "type": "string"
        },
        "risk_level": {
          "type": "string"
        },
        "asset_class": {
          "type": "string"
        },
        "fallback_mode": {
          "type": "string"
        },
        "authority_status": {
          "type": "string"
        },
        "coverage_delta": {
          "type": "object",
          "properties": {
            "status": {
              "type": "string"
            },
            "archive_conversation_count": {
              "type": "null"
            },
            "visible_source_conversation_count": {
              "type": "null"
            },
            "raw_mirror_manifest_count": {
              "type": "null"
            },
            "db_projection_only_count": {
              "type": "null"
            },
            "missing_current_source_count": {
              "type": "null"
            },
            "conversation_delta": {
              "type": "null"
            },
            "message_delta": {
              "type": "null"
            },
            "semantic_vector_delta": {
              "type": "null"
            },
            "derived_asset_delta": {
              "type": "null"
            }
          }
        },
        "blocked_reasons": {
          "type": "array",
          "items": {
            "type": "unknown"
          }
        },
        "plan_fingerprint": {
          "type": "null"
        },
        "receipt_path": {
          "type": "null"
        },
        "event_log_path": {
          "type": "null"
        },
        "artifact_manifest_path": {
          "type": "null"
        },
        "recommended_action": {
          "type": "string"
        },
        "redaction_status": {
          "type": "string"
        },
        "contract_provenance": {
          "type": "string"
        },
        "operation_outcome": {
          "type": "object",
          "properties": {
            "kind": {
              "type": "string"
            },
            "reason": {
              "type": "string"
            },
            "action_taken": {
              "type": "string"
            },
            "action_not_taken": {
              "type": "string"
            },
            "safe_to_retry": {
              "type": "boolean"
            },
            "requires_override": {
              "type": "boolean"
            },
            "data_loss_risk": {
              "type": "string"
            },
            "next_command": {
              "type": "string"
            },
            "artifact_manifest_path": {
              "type": "null"
            },
            "exit_code_kind": {
              "type": "string"
            }
          }
        },
        "doctor_available": {
          "type": "boolean"
        },
        "safe_auto_run_eligible": {
          "type": "boolean"
        },
        "last_receipt_path": {
          "type": "null"
        },
        "failure_marker_path": {
          "type": "null"
        },
        "repair_previously_failed": {
          "type": "boolean"
        },
        "active_repair": {
          "type": "object",
          "properties": {
            "active": {
              "type": "boolean"
            },
            "active_index_maintenance": {
              "type": "boolean"
            },
            "repair_blocked_reason": {
              "type": "null"
            }
          }
        },
        "repair_recommended": {
          "type": "boolean"
        },
        "repair_blocked_reason": {
          "type": "null"
        },
        "doctor_check_recommended": {
          "type": "boolean"
        },
        "archive_coverage_state": {
          "type": "string"
        },
        "source_mirror_state": {
          "type": "string"
        },
        "remote_source_sync": {
          "type": "object",
          "properties": {
            "schema_version": {
              "type": "integer"
            },
            "status": {
              "type": "string"
            },
            "source": {
              "type": "string"
            },
            "checked": {
              "type": "boolean"
            },
            "archive_checked": {
              "type": "boolean"
            },
            "live_remote_probe_attempted": {
              "type": "boolean"
            },
            "remote_source_state": {
              "type": "string"
            },
            "sync_staleness": {
              "type": "string"
            },
            "local_mirror_state": {
              "type": "string"
            },
            "configured_remote_source_count": {
              "type": "integer"
            },
            "archive_remote_conversation_count": {
              "type": "null"
            },
            "sync_gap_count": {
              "type": "integer"
            },
            "highest_gap_severity": {
              "type": "string"
            },
            "recommended_action": {
              "type": "string"
            },
            "recommended_sync_commands": {
              "type": "array",
              "items": {
                "type": "unknown"
              }
            },
            "notes": {
              "type": "array",
              "items": {
                "type": "string"
              }
            }
          }
        },
        "sole_copy_conversation_count": {
          "type": "integer"
        },
        "cleanup_reclaimable_bytes": {
          "type": "null"
        },
        "quarantine_summary": {
          "type": "null"
        },
        "coverage_source": {
          "type": "object",
          "properties": {
            "status": {
              "type": "string"
            },
            "source": {
              "type": "string"
            },
            "confidence_tier": {
              "type": "string"
            },
            "generated_at": {
              "type": "string"
            },
            "stale_after_seconds": {
              "type": "integer"
            },
            "source_report_id": {
              "type": "null"
            },
            "recommended_action": {
              "type": "string"
            }
          }
        },
        "health_status": {
          "type": "string"
        },
        "db_exists": {
          "type": "boolean"
        }
      }
    },
    "remote_source_sync": {
      "type": "object",
      "properties": {
        "schema_version": {
          "type": "integer"
        },
        "status": {
          "type": "string"
        },
        "source": {
          "type": "string"
        },
        "checked": {
          "type": "boolean"
        },
        "archive_checked": {
          "type": "boolean"
        },
        "live_remote_probe_attempted": {
          "type": "boolean"
        },
        "remote_source_state": {
          "type": "string"
        },
        "sync_staleness": {
          "type": "string"
        },
        "local_mirror_state": {
          "type": "string"
        },
        "configured_remote_source_count": {
          "type": "integer"
        },
        "archive_remote_conversation_count": {
          "type": "null"
        },
        "sync_gap_count": {
          "type": "integer"
        },
        "highest_gap_severity": {
          "type": "string"
        },
        "recommended_action": {
          "type": "string"
        },
        "recommended_sync_commands": {
          "type": "array",
          "items": {
            "type": "unknown"
          }
        },
        "notes": {
          "type": "array",
          "items": {
            "type": "string"
          }
        }
      }
    },
    "coverage_risk": {
      "type": "object",
      "properties": {
        "schema_version": {
          "type": "integer"
        },
        "status": {
          "type": "string"
        },
        "confidence_tier": {
          "type": "string"
        },
        "archive_conversation_count": {
          "type": "integer"
        },
        "missing_current_source_count": {
          "type": "integer"
        },
        "db_without_raw_mirror_count": {
          "type": "integer"
        },
        "db_projection_only_count": {
          "type": "integer"
        },
        "mirror_without_db_link_count": {
          "type": "integer"
        },
        "current_source_newer_than_archive_count": {
          "type": "integer"
        },
        "raw_mirror_db_link_count": {
          "type": "integer"
        },
        "sole_copy_warning_count": {
          "type": "integer"
        },
        "recommended_action": {
          "type": "string"
        }
      }
    },
    "policy_registry": {
      "type": "object",
      "properties": {
        "schema_version": {
          "type": "string"
        },
        "controllers": {
          "type": "array",
          "items": {
            "type": "object",
            "properties": {
              "controller_id": {
                "type": "string"
              },
              "policy_id": {
                "type": "string"
              },
              "policy_version": {
                "type": "string"
              },
              "status": {
                "type": "string"
              },
              "fallback_state": {
                "type": "string"
              },
              "conservative_fallback": {
                "type": "boolean"
              },
              "decision_reason": {
                "type": "string"
              },
              "inputs": {
                "type": "object",
                "properties": {
                  "controller_loadavg_high_watermark_1m": {
                    "type": "string"
                  },
                  "controller_loadavg_low_watermark_1m": {
                    "type": "string"
                  },
                  "controller_mode": {
                    "type": "string"
                  },
                  "controller_restore_clear_samples": {
                    "type": "string"
                  },
                  "controller_restore_hold_ms": {
                    "type": "string"
                  },
                  "page_prep_workers": {
                    "type": "string"
                  },
                  "pipeline_channel_size": {
                    "type": "string"
                  },
                  "pipeline_max_message_bytes_in_flight": {
                    "type": "string"
                  },
                  "staged_merge_workers": {
                    "type": "string"
                  },
                  "staged_shard_builders": {
                    "type": "string"
                  }
                }
              }
            }
          }
        }
      }
    },
    "ingest_quarantine": {
      "type": "object",
      "properties": {
        "schema_version": {
          "type": "integer"
        },
        "status": {
          "type": "string"
        },
        "quarantined_conversations": {
          "type": "integer"
        },
        "recent_quarantined_conversations": {
          "type": "integer"
        },
        "recent_window_seconds": {
          "type": "integer"
        },
        "circuit_breaker_limit": {
          "type": "integer"
        },
        "circuit_breaker_active": {
          "type": "boolean"
        },
        "quarantine_files": {
          "type": "array",
          "items": {
            "type": "unknown"
          }
        },
        "newest_last_attempt_at_ms": {
          "type": "null"
        },
        "recommended_action": {
          "type": "null"
        }
      }
    },
    "search_completeness": {
      "type": "object",
      "properties": {
        "quarantine_status": {
          "type": "string"
        },
        "quarantined_conversations": {
          "type": "integer"
        },
        "complete": {
          "type": "boolean"
        },
        "can_search": {
          "type": "boolean"
        },
        "coverage_suspect": {
          "type": "boolean"
        },
        "impact": {
          "type": "string"
        },
        "next_command": {
          "type": "string"
        }
      }
    },
    "responsiveness": {
      "type": "object",
      "properties": {
        "current_capacity_pct": {
          "type": "integer"
        },
        "resource_policy": {
          "type": "object",
          "properties": {
            "available_parallelism": {
              "type": "string"
            },
            "reserved_cores": {
              "type": "string"
            },
            "max_workers": {
              "type": "string"
            },
            "effective_worker_ceiling": {
              "type": "string"
            },
            "max_inflight_bytes": {
              "type": "string"
            },
            "min_inflight_bytes": {
              "type": "integer"
            }
          }
        },
        "healthy_streak": {
          "type": "string"
        },
        "shrink_count": {
          "type": "integer"
        },
        "grow_count": {
          "type": "integer"
        },
        "ticks_total": {
          "type": "string"
        },
        "disabled_via_env": {
          "type": "boolean"
        },
        "last_snapshot": {
          "type": "string"
        },
        "last_reason": {
          "type": "string"
        },
        "recent_decisions": {
          "type": "array",
          "items": {
            "type": "unknown"
          }
        },
        "calibration": {
          "type": "object",
          "properties": {
            "mode": {
              "type": "string"
            },
            "load_window_len": {
              "type": "string"
            },
            "psi_window_len": {
              "type": "string"
            },
            "conformal_k": {
              "type": "integer"
            },
            "conformal_k_min": {
              "type": "integer"
            },
            "conformal_alpha_pressured": {
              "type": "number"
            },
            "conformal_alpha_severe": {
              "type": "number"
            },
            "drift_reset_count": {
              "type": "integer"
            },
            "outliers_rejected": {
              "type": "integer"
            },
            "observations_total": {
              "type": "string"
            },
            "load_pressured_q": {
              "type": "null"
            },
            "load_severe_q": {
              "type": "null"
            },
            "psi_pressured_q": {
              "type": "null"
            },
            "psi_severe_q": {
              "type": "null"
            }
          }
        }
      }
    },
    "parallel_wal_shadow": {
      "type": "object",
      "properties": {
        "recent_chunks": {
          "type": "array",
          "items": {
            "type": "unknown"
          }
        },
        "chunks_observed": {
          "type": "integer"
        },
        "cumulative_wall_micros": {
          "type": "integer"
        },
        "chunk_errors": {
          "type": "integer"
        },
        "active": {
          "type": "boolean"
        },
        "epoch_plan_manifest": {
          "type": "object",
          "properties": {
            "schema_version": {
              "type": "integer"
            },
            "mode": {
              "type": "string"
            },
            "epoch_micros": {
              "type": "integer"
            },
            "commit_mode_allowed": {
              "type": "boolean"
            },
            "fallback_decision": {
              "type": "string"
            },
            "fallback_reason": {
              "type": "string"
            },
            "logical_digest": {
              "type": "string"
            },
            "window_chunks": {
              "type": "integer"
            },
            "total_chunks_observed": {
              "type": "integer"
            },
            "successful_chunks": {
              "type": "integer"
            },
            "failed_chunks": {
              "type": "integer"
            },
            "total_conversations": {
              "type": "integer"
            },
            "estimated_fsyncs_saved_vs_per_chunk": {
              "type": "integer"
            },
            "planned_epochs": {
              "type": "array",
              "items": {
                "type": "unknown"
              }
            },
            "proof_obligations": {
              "type": "array",
              "items": {
                "type": "string"
              }
            }
          }
        }
      }
    },
    "runtime_optimizations": {
      "type": "object",
      "properties": {
        "simd_dot": {
          "type": "boolean"
        },
        "parallel_search": {
          "type": "boolean"
        },
        "preconvert_f16": {
          "type": "boolean"
        },
        "config_source": {
          "type": "string"
        }
      }
    },
    "state": {
      "type": "object",
      "properties": {
        "index": {
          "type": "object",
          "properties": {
            "exists": {
              "type": "boolean"
            },
            "status": {
              "type": "string"
            },
            "reason": {
              "type": "string"
            },
            "fresh": {
              "type": "boolean"
            },
            "partial": {
              "type": "boolean"
            },
            "partial_reason": {
              "type": "null"
            },
            "last_indexed_at": {
              "type": "null"
            },
            "age_seconds": {
              "type": "string"
            },
            "stale": {
              "type": "boolean"
            },
            "stale_threshold_seconds": {
              "type": "integer"
            },
            "rebuilding": {
              "type": "boolean"
            },
            "stalled": {
              "type": "boolean"
            },
            "engine_incompatible": {
              "type": "boolean"
            },
            "activity_at": {
              "type": "null"
            },
            "documents": {
              "type": "null"
            },
            "live_documents": {
              "type": "null"
            },
            "hollow": {
              "type": "boolean"
            },
            "segment_files": {
              "type": "null"
            },
            "empty_with_messages": {
              "type": "boolean"
            },
            "quarantined_conversations": {
              "type": "integer"
            },
            "fingerprint": {
              "type": "object",
              "properties": {
                "current_db_fingerprint": {
                  "type": "null"
                },
                "checkpoint_fingerprint": {
                  "type": "null"
                },
                "matches_current_db_fingerprint": {
                  "type": "null"
                }
              }
            },
            "checkpoint": {
              "type": "object",
              "properties": {
                "present": {
                  "type": "boolean"
                },
                "completed": {
                  "type": "null"
                },
                "db_matches": {
                  "type": "null"
                },
                "schema_matches": {
                  "type": "null"
                },
                "page_size_matches": {
                  "type": "null"
                },
                "page_size_compatible": {
                  "type": "null"
                }
              }
            }
          }
        },
        "database": {
          "type": "object",
          "properties": {
            "exists": {
              "type": "boolean"
            },
            "db_bytes": {
              "type": "string"
            },
            "wal_bytes": {
              "type": "string"
            },
            "shm_present": {
              "type": "boolean"
            },
            "opened": {
              "type": "boolean"
            },
            "conversations": {
              "type": "integer"
            },
            "messages": {
              "type": "integer"
            },
            "open_error": {
              "type": "null"
            },
            "open_retryable": {
              "type": "boolean"
            },
            "counts_skipped": {
              "type": "boolean"
            },
            "open_skipped": {
              "type": "boolean"
            },
            "integrity": {
              "type": "string"
            },
            "integrity_detail": {
              "type": "null"
            },
            "integrity_hint": {
              "type": "null"
            }
          }
        },
        "pending": {
          "type": "object",
          "properties": {
            "sessions": {
              "type": "integer"
            },
            "watch_active": {
              "type": "boolean"
            },
            "orphaned": {
              "type": "boolean"
            }
          }
        },
        "rebuild": {
          "type": "object",
          "properties": {
            "active": {
              "type": "boolean"
            },
            "stalled": {
              "type": "boolean"
            },
            "engine_incompatible": {
              "type": "boolean"
            },
            "last_progress_at": {
              "type": "null"
            },
            "last_progress_age_ms": {
              "type": "null"
            },
            "orphaned": {
              "type": "boolean"
            },
            "pid": {
              "type": "null"
            },
            "mode": {
              "type": "null"
            },
            "job_id": {
              "type": "null"
            },
            "job_kind": {
              "type": "null"
            },
            "phase": {
              "type": "null"
            },
            "started_at": {
              "type": "null"
            },
            "updated_at": {
              "type": "null"
            },
            "processed_conversations": {
              "type": "null"
            },
            "total_conversations": {
              "type": "null"
            },
            "indexed_docs": {
              "type": "null"
            },
            "pipeline": {
              "type": "object",
              "properties": {
                "workers": {
                  "type": "string"
                },
                "available_parallelism": {
                  "type": "string"
                },
                "reserved_cores": {
                  "type": "string"
                },
                "tantivy_writer_threads": {
                  "type": "string"
                },
                "staged_shard_builders": {
                  "type": "string"
                },
                "staged_merge_workers": {
                  "type": "string"
                },
                "controller_mode": {
                  "type": "string"
                },
                "controller_restore_clear_samples": {
                  "type": "integer"
                },
                "controller_restore_hold_ms": {
                  "type": "integer"
                },
                "pipeline_max_message_bytes_in_flight": {
                  "type": "string"
                },
                "page_prep_workers": {
                  "type": "string"
                },
                "page_size": {
                  "type": "integer"
                },
                "steady_batch_fetch_conversations": {
                  "type": "integer"
                },
                "startup_batch_fetch_conversations": {
                  "type": "integer"
                },
                "steady_commit_every_conversations": {
                  "type": "integer"
                },
                "startup_commit_every_conversations": {
                  "type": "integer"
                },
                "steady_commit_every_messages": {
                  "type": "integer"
                },
                "startup_commit_every_messages": {
                  "type": "integer"
                },
                "steady_commit_every_message_bytes": {
                  "type": "integer"
                },
                "startup_commit_every_message_bytes": {
                  "type": "integer"
                },
                "pipeline_channel_size": {
                  "type": "integer"
                },
                "controller_loadavg_high_watermark_1m": {
                  "type": "number"
                },
                "controller_loadavg_low_watermark_1m": {
                  "type": "number"
                },
                "runtime": {
                  "type": "null"
                }
              }
            }
          }
        },
        "semantic": {
          "type": "object",
          "properties": {
            "status": {
              "type": "string"
            },
            "availability": {
              "type": "string"
            },
            "summary": {
              "type": "string"
            },
            "available": {
              "type": "boolean"
            },
            "can_search": {
              "type": "boolean"
            },
            "fallback_mode": {
              "type": "string"
            },
            "preferred_backend": {
              "type": "string"
            },
            "embedder_id": {
              "type": "null"
            },
            "vector_index_path": {
              "type": "null"
            },
            "model_dir": {
              "type": "null"
            },
            "hnsw_path": {
              "type": "null"
            },
            "hnsw_ready": {
              "type": "boolean"
            },
            "progressive_ready": {
              "type": "boolean"
            },
            "progressive_reason_code": {
              "type": "null"
            },
            "feature_compiled_in": {
              "type": "boolean"
            },
            "quality_tier_published": {
              "type": "boolean"
            },
            "semantic_only_search_available": {
              "type": "boolean"
            },
            "hint": {
              "type": "string"
            },
            "fast_tier": {
              "type": "object",
              "properties": {
                "present": {
                  "type": "boolean"
                },
                "ready": {
                  "type": "boolean"
                },
                "current_db_matches": {
                  "type": "null"
                },
                "conversation_count": {
                  "type": "null"
                },
                "doc_count": {
                  "type": "null"
                },
                "embedder_id": {
                  "type": "null"
                },
                "model_revision": {
                  "type": "null"
                },
                "completed_at": {
                  "type": "null"
                },
                "size_bytes": {
                  "type": "null"
                },
                "shard_count": {
                  "type": "null"
                }
              }
            },
            "quality_tier": {
              "type": "object",
              "properties": {
                "present": {
                  "type": "boolean"
                },
                "ready": {
                  "type": "boolean"
                },
                "current_db_matches": {
                  "type": "null"
                },
                "conversation_count": {
                  "type": "null"
                },
                "doc_count": {
                  "type": "null"
                },
                "embedder_id": {
                  "type": "null"
                },
                "model_revision": {
                  "type": "null"
                },
                "completed_at": {
                  "type": "null"
                },
                "size_bytes": {
                  "type": "null"
                },
                "shard_count": {
                  "type": "null"
                }
              }
            },
            "backlog": {
              "type": "object",
              "properties": {
                "total_conversations": {
                  "type": "integer"
                },
                "fast_tier_processed": {
                  "type": "integer"
                },
                "fast_tier_remaining": {
                  "type": "integer"
                },
                "quality_tier_processed": {
                  "type": "integer"
                },
                "quality_tier_remaining": {
                  "type": "integer"
                },
                "pending_work": {
                  "type": "boolean"
                },
                "current_db_matches": {
                  "type": "null"
                },
                "computed_at": {
                  "type": "null"
                }
              }
            },
            "checkpoint": {
              "type": "object",
              "properties": {
                "active": {
                  "type": "boolean"
                },
                "tier": {
                  "type": "null"
                },
                "current_db_matches": {
                  "type": "null"
                },
                "completed": {
                  "type": "null"
                },
                "conversations_processed": {
                  "type": "null"
                },
                "total_conversations": {
                  "type": "null"
                },
                "progress_pct": {
                  "type": "null"
                },
                "docs_embedded": {
                  "type": "null"
                },
                "last_offset": {
                  "type": "null"
                },
                "saved_at": {
                  "type": "null"
                }
              }
            }
          }
        },
        "ingest_quarantine": {
          "type": "object",
          "properties": {
            "schema_version": {
              "type": "integer"
            },
            "status": {
              "type": "string"
            },
            "quarantined_conversations": {
              "type": "integer"
            },
            "recent_quarantined_conversations": {
              "type": "integer"
            },
            "recent_window_seconds": {
              "type": "integer"
            },
            "circuit_breaker_limit": {
              "type": "integer"
            },
            "circuit_breaker_active": {
              "type": "boolean"
            },
            "quarantine_files": {
              "type": "array",
              "items": {
                "type": "unknown"
              }
            },
            "newest_last_attempt_at_ms": {
              "type": "null"
            },
            "recommended_action": {
              "type": "null"
            }
          }
        },
        "policy_registry": {
          "type": "object",
          "properties": {
            "schema_version": {
              "type": "string"
            },
            "controllers": {
              "type": "array",
              "items": {
                "type": "object",
                "properties": {
                  "controller_id": {
                    "type": "string"
                  },
                  "policy_id": {
                    "type": "string"
                  },
                  "policy_version": {
                    "type": "string"
                  },
                  "status": {
                    "type": "string"
                  },
                  "fallback_state": {
                    "type": "string"
                  },
                  "conservative_fallback": {
                    "type": "boolean"
                  },
                  "decision_reason": {
                    "type": "string"
                  },
                  "inputs": {
                    "type": "object",
                    "properties": {
                      "controller_loadavg_high_watermark_1m": {
                        "type": "string"
                      },
                      "controller_loadavg_low_watermark_1m": {
                        "type": "string"
                      },
                      "controller_mode": {
                        "type": "string"
                      },
                      "controller_restore_clear_samples": {
                        "type": "string"
                      },
                      "controller_restore_hold_ms": {
                        "type": "string"
                      },
                      "page_prep_workers": {
                        "type": "string"
                      },
                      "pipeline_channel_size": {
                        "type": "string"
                      },
                      "pipeline_max_message_bytes_in_flight": {
                        "type": "string"
                      },
                      "staged_merge_workers": {
                        "type": "string"
                      },
                      "staged_shard_builders": {
                        "type": "string"
                      }
                    }
                  }
                }
              }
            }
          }
        },
        "_meta": {
          "type": "object",
          "properties": {
            "timestamp": {
              "type": "string"
            },
            "data_dir": {
              "type": "string"
            },
            "db_path": {
              "type": "string"
            }
          }
        }
      }
    }
  }
}