{
  "status": "not_initialized",
  "healthy": false,
  "exit_policy": "archive",
  "health_level": "not_initialized",
  "initialized": false,
  "explanation": "No cass database or search index exists in [TEST_HOME]/coding-agent-search yet. This is expected on a fresh install or when using a brand-new --data-dir.",
  "warnings": [],
  "data_dir": "[TEST_HOME]/coding-agent-search",
  "recommended_action": "Run 'cass index --full' once to discover local sessions and build the initial archive.",
  "recommended_commands": [
    {
      "id": "initialize-archive",
      "command": "cass index --full --json --no-progress-events --data-dir [TEST_HOME]/coding-agent-search",
      "purpose": "Discover local sessions and build the initial cass archive plus lexical index.",
      "safety": "writes-cass-archive-and-derived-index",
      "run_when": "Run when status is not_initialized for this data_dir.",
      "success_signal": "success=true, then cass health reports initialized=true",
      "parse_fields": [
        "success",
        "conversations",
        "messages",
        "error"
      ],
      "retry_after_ms": null
    },
    {
      "id": "verify-initialization",
      "command": "cass health --json --data-dir [TEST_HOME]/coding-agent-search",
      "purpose": "Verify the same data_dir is ready after the initial index run.",
      "safety": "read-only",
      "run_when": "Run after initialize-archive finishes.",
      "success_signal": "healthy=true or recommended_commands changes to the next blocker",
      "parse_fields": [
        "status",
        "healthy",
        "initialized",
        "errors",
        "recommended_commands"
      ],
      "retry_after_ms": null
    }
  ],
  "errors": [
    "database not initialized yet",
    "index not initialized yet"
  ],
  "latency_ms": "[LATENCY_MS]",
  "rebuild_progress": {
    "active": false,
    "stalled": false,
    "last_progress_at": null,
    "last_progress_age_ms": null,
    "mode": null,
    "phase": null,
    "processed_conversations": null,
    "total_conversations": null,
    "remaining_conversations": null,
    "completion_ratio": null,
    "indexed_docs": null,
    "runtime_available": false,
    "queue_depth": null,
    "queue_capacity": null,
    "queue_headroom": null,
    "pending_batch_conversations": null,
    "pending_batch_message_bytes": null,
    "inflight_message_bytes": null,
    "max_message_bytes_in_flight": null,
    "inflight_message_bytes_headroom": null,
    "controller_mode": null,
    "controller_reason": null,
    "updated_at": null
  },
  "db": {
    "exists": false,
    "opened": false,
    "conversations": 0,
    "messages": 0,
    "open_error": null,
    "counts_skipped": false,
    "open_skipped": false
  },
  "doctor_summary": {
    "schema_version": 2,
    "surface": "health-summary",
    "mode": "read-only-check",
    "status": "skipped",
    "outcome_kind": "no_op",
    "health_class": "degraded-derived-assets",
    "risk_level": "unknown",
    "asset_class": "canonical_archive_db",
    "fallback_mode": "lexical",
    "authority_status": "read_only",
    "coverage_delta": {
      "status": "unknown",
      "archive_conversation_count": null,
      "visible_source_conversation_count": null,
      "raw_mirror_manifest_count": null,
      "db_projection_only_count": null,
      "missing_current_source_count": null,
      "conversation_delta": null,
      "message_delta": null,
      "semantic_vector_delta": null,
      "derived_asset_delta": null
    },
    "blocked_reasons": [],
    "plan_fingerprint": null,
    "receipt_path": null,
    "event_log_path": null,
    "artifact_manifest_path": null,
    "recommended_action": "Run 'cass index --full' once to discover local sessions and build the initial archive.",
    "redaction_status": "redacted",
    "contract_provenance": "runtime",
    "operation_outcome": {
      "kind": "ok-read-only-diagnosed",
      "reason": "archive database is not initialized yet, so doctor coverage cannot be checked",
      "action_taken": "reported bounded health/status doctor summary without mutating archive data",
      "action_not_taken": "did not run deep doctor collectors, source sync, rebuild, model verification, or filesystem-wide repair work",
      "safe_to_retry": true,
      "requires_override": false,
      "data_loss_risk": "unknown",
      "next_command": "cass index --full",
      "artifact_manifest_path": null,
      "exit_code_kind": "success"
    },
    "doctor_available": true,
    "safe_auto_run_eligible": false,
    "last_receipt_path": null,
    "failure_marker_path": null,
    "repair_previously_failed": false,
    "active_repair": {
      "active": false,
      "active_index_maintenance": false,
      "repair_blocked_reason": null
    },
    "repair_recommended": false,
    "repair_blocked_reason": null,
    "doctor_check_recommended": false,
    "archive_coverage_state": "not_initialized",
    "source_mirror_state": "not_initialized",
    "remote_source_sync": {
      "schema_version": 1,
      "status": "ok",
      "source": "health-fast-local-config",
      "checked": true,
      "archive_checked": false,
      "live_remote_probe_attempted": false,
      "remote_source_state": "not_configured",
      "sync_staleness": "not_configured",
      "local_mirror_state": "not_configured",
      "configured_remote_source_count": 0,
      "archive_remote_conversation_count": null,
      "sync_gap_count": 0,
      "highest_gap_severity": "none",
      "recommended_action": "none",
      "recommended_sync_commands": [],
      "notes": [
        "remote_source_sync is read-only and local-only: it reads sources.toml, sync_status.json, local mirror directories, and archive provenance rows only.",
        "Missing or stale remote sync state is a freshness gap, not proof that archived cass conversations are lost.",
        "Doctor never opens SSH sessions or mutates provider session logs while building this report.",
        "health-fast-local-config checked remote source config, sync status, and local cass mirrors without live SSH probes or provider log mutation"
      ]
    },
    "sole_copy_conversation_count": 0,
    "cleanup_reclaimable_bytes": null,
    "quarantine_summary": null,
    "coverage_source": {
      "status": "not_checked",
      "source": "health-fast-state",
      "confidence_tier": "unchecked",
      "generated_at": "[TIMESTAMP]",
      "stale_after_seconds": 0,
      "source_report_id": null,
      "recommended_action": "Run cass index --full once before archive coverage can be assessed."
    },
    "health_status": "not_initialized",
    "db_exists": false
  },
  "remote_source_sync": {
    "schema_version": 1,
    "status": "ok",
    "source": "health-fast-local-config",
    "checked": true,
    "archive_checked": false,
    "live_remote_probe_attempted": false,
    "remote_source_state": "not_configured",
    "sync_staleness": "not_configured",
    "local_mirror_state": "not_configured",
    "configured_remote_source_count": 0,
    "archive_remote_conversation_count": null,
    "sync_gap_count": 0,
    "highest_gap_severity": "none",
    "recommended_action": "none",
    "recommended_sync_commands": [],
    "notes": [
      "remote_source_sync is read-only and local-only: it reads sources.toml, sync_status.json, local mirror directories, and archive provenance rows only.",
      "Missing or stale remote sync state is a freshness gap, not proof that archived cass conversations are lost.",
      "Doctor never opens SSH sessions or mutates provider session logs while building this report.",
      "health-fast-local-config checked remote source config, sync status, and local cass mirrors without live SSH probes or provider log mutation"
    ]
  },
  "coverage_risk": {
    "schema_version": 1,
    "status": "not_initialized",
    "confidence_tier": "unchecked",
    "archive_conversation_count": 0,
    "missing_current_source_count": 0,
    "db_without_raw_mirror_count": 0,
    "db_projection_only_count": 0,
    "mirror_without_db_link_count": 0,
    "current_source_newer_than_archive_count": 0,
    "raw_mirror_db_link_count": 0,
    "sole_copy_warning_count": 0,
    "recommended_action": "Run 'cass index --full' once before coverage can be assessed."
  },
  "policy_registry": {
    "schema_version": "1",
    "controllers": [
      {
        "controller_id": "lexical_rebuild_pipeline",
        "policy_id": "lexical_rebuild.pipeline.v1",
        "policy_version": "pipeline_settings_v1",
        "status": "active",
        "fallback_state": "not_needed",
        "conservative_fallback": false,
        "decision_reason": "pipeline settings active",
        "inputs": {
          "controller_loadavg_high_watermark_1m": "121.0",
          "controller_loadavg_low_watermark_1m": "120.0",
          "controller_mode": "auto",
          "controller_restore_clear_samples": "3",
          "controller_restore_hold_ms": "5000",
          "page_prep_workers": "[LIVE_COUNTER]",
          "pipeline_channel_size": "4",
          "pipeline_max_message_bytes_in_flight": "[LIVE_BYTES]",
          "staged_merge_workers": "[LIVE_COUNTER]",
          "staged_shard_builders": "[LIVE_COUNTER]"
        }
      },
      {
        "controller_id": "semantic_search",
        "policy_id": "semantic.hybrid_preferred.v1",
        "policy_version": "semantic_schema_1+chunking_1",
        "status": "fallback",
        "fallback_state": "conservative",
        "conservative_fallback": true,
        "decision_reason": "semantic unavailable; lexical fallback remains active",
        "inputs": {
          "chunk_timeout_seconds": "120",
          "chunking_strategy_version": "1",
          "download_policy": "opt_in",
          "fast_dimension": "256",
          "fast_tier_embedder": "hash",
          "idle_delay_seconds": "30",
          "max_backfill_rss_mb": "256",
          "max_backfill_threads": "1",
          "max_model_size_mb": "500",
          "max_refinement_docs": "100",
          "min_free_disk_mb": "200",
          "mode": "hybrid_preferred",
          "quality_dimension": "384",
          "quality_tier_embedder": "minilm",
          "quality_weight": "0.7",
          "reranker": "ms-marco-minilm",
          "semantic_available": "false",
          "semantic_budget_mb": "500",
          "semantic_fallback_mode": "lexical",
          "semantic_schema_version": "1"
        }
      }
    ]
  },
  "ingest_quarantine": {
    "schema_version": 1,
    "status": "ok",
    "quarantined_conversations": 0,
    "recent_quarantined_conversations": 0,
    "recent_window_seconds": 3600,
    "circuit_breaker_limit": 25,
    "circuit_breaker_active": false,
    "quarantine_files": [],
    "newest_last_attempt_at_ms": null,
    "recommended_action": null
  },
  "search_completeness": {
    "quarantine_status": "ok",
    "quarantined_conversations": 0,
    "complete": true,
    "can_search": true,
    "coverage_suspect": false,
    "impact": "search covers all known conversations; nothing is quarantined",
    "next_command": "cass status --json"
  },
  "responsiveness": {
    "current_capacity_pct": 100,
    "resource_policy": {
      "available_parallelism": "[LIVE_COUNTER]",
      "reserved_cores": "[LIVE_COUNTER]",
      "max_workers": "[LIVE_COUNTER]",
      "effective_worker_ceiling": "[LIVE_COUNTER]",
      "max_inflight_bytes": "[LIVE_BYTES]",
      "min_inflight_bytes": 1048576
    },
    "healthy_streak": "[LIVE_COUNTER]",
    "shrink_count": 0,
    "grow_count": 0,
    "ticks_total": "[LIVE_COUNTER]",
    "disabled_via_env": false,
    "last_snapshot": "[LIVE_SAMPLE]",
    "last_reason": "[LIVE_SAMPLE]",
    "recent_decisions": [],
    "calibration": {
      "mode": "conformal",
      "load_window_len": "[LIVE_COUNTER]",
      "psi_window_len": "[LIVE_COUNTER]",
      "conformal_k": 256,
      "conformal_k_min": 32,
      "conformal_alpha_pressured": 0.05000000074505806,
      "conformal_alpha_severe": 0.009999999776482582,
      "drift_reset_count": 0,
      "outliers_rejected": 0,
      "observations_total": "[LIVE_COUNTER]",
      "load_pressured_q": null,
      "load_severe_q": null,
      "psi_pressured_q": null,
      "psi_severe_q": null
    }
  },
  "parallel_wal_shadow": {
    "recent_chunks": [],
    "chunks_observed": 0,
    "cumulative_wall_micros": 0,
    "chunk_errors": 0,
    "active": true,
    "epoch_plan_manifest": {
      "schema_version": 1,
      "mode": "shadow_epoch_plan",
      "epoch_micros": 40000,
      "commit_mode_allowed": false,
      "fallback_decision": "collect_shadow_evidence",
      "fallback_reason": "no shadow chunks observed yet; commit-mode promotion has no evidence window",
      "logical_digest": "d9c2dba932c2b67701c69d4a4f054db1e5489f6835e068e8d1456e6bdd4a6d45",
      "window_chunks": 0,
      "total_chunks_observed": 0,
      "successful_chunks": 0,
      "failed_chunks": 0,
      "total_conversations": 0,
      "estimated_fsyncs_saved_vs_per_chunk": 0,
      "planned_epochs": [],
      "proof_obligations": [
        "shadow-vs-baseline persisted-row digest equality",
        "deterministic crash/replay at epoch flush checkpoints",
        "fallback to current begin-concurrent writer on any chunk or manifest validation error",
        "no commit-mode exposure while commit_mode_allowed is false"
      ]
    }
  },
  "runtime_optimizations": {
    "simd_dot": true,
    "parallel_search": true,
    "preconvert_f16": true,
    "config_source": "default"
  },
  "state": {
    "index": {
      "exists": false,
      "status": "missing",
      "reason": "lexical index metadata missing",
      "fresh": false,
      "partial": false,
      "partial_reason": null,
      "last_indexed_at": null,
      "age_seconds": "[AGE_SECONDS]",
      "stale": false,
      "stale_threshold_seconds": 1800,
      "rebuilding": false,
      "stalled": false,
      "engine_incompatible": false,
      "activity_at": null,
      "documents": null,
      "live_documents": null,
      "hollow": false,
      "segment_files": null,
      "empty_with_messages": false,
      "quarantined_conversations": 0,
      "fingerprint": {
        "current_db_fingerprint": null,
        "checkpoint_fingerprint": null,
        "matches_current_db_fingerprint": null
      },
      "checkpoint": {
        "present": false,
        "completed": null,
        "db_matches": null,
        "schema_matches": null,
        "page_size_matches": null,
        "page_size_compatible": null
      }
    },
    "database": {
      "exists": false,
      "db_bytes": "[LIVE_BYTES]",
      "wal_bytes": "[LIVE_BYTES]",
      "shm_present": false,
      "opened": false,
      "conversations": 0,
      "messages": 0,
      "open_error": null,
      "open_retryable": false,
      "counts_skipped": false,
      "open_skipped": false,
      "integrity": "unknown",
      "integrity_detail": null,
      "integrity_hint": null
    },
    "pending": {
      "sessions": 0,
      "watch_active": false,
      "orphaned": false
    },
    "rebuild": {
      "active": false,
      "stalled": false,
      "engine_incompatible": false,
      "last_progress_at": null,
      "last_progress_age_ms": null,
      "orphaned": false,
      "pid": null,
      "mode": null,
      "job_id": null,
      "job_kind": null,
      "phase": null,
      "started_at": null,
      "updated_at": null,
      "processed_conversations": null,
      "total_conversations": null,
      "indexed_docs": null,
      "pipeline": {
        "workers": "[LIVE_COUNTER]",
        "available_parallelism": "[LIVE_COUNTER]",
        "reserved_cores": "[LIVE_COUNTER]",
        "tantivy_writer_threads": "[LIVE_COUNTER]",
        "staged_shard_builders": "[LIVE_COUNTER]",
        "staged_merge_workers": "[LIVE_COUNTER]",
        "controller_mode": "auto",
        "controller_restore_clear_samples": 3,
        "controller_restore_hold_ms": 5000,
        "pipeline_max_message_bytes_in_flight": "[LIVE_BYTES]",
        "page_prep_workers": "[LIVE_COUNTER]",
        "page_size": 1024,
        "steady_batch_fetch_conversations": 1024,
        "startup_batch_fetch_conversations": 32,
        "steady_commit_every_conversations": 10000,
        "startup_commit_every_conversations": 2048,
        "steady_commit_every_messages": 800000,
        "startup_commit_every_messages": 800000,
        "steady_commit_every_message_bytes": 536870912,
        "startup_commit_every_message_bytes": 134217728,
        "pipeline_channel_size": 4,
        "controller_loadavg_high_watermark_1m": 121.0,
        "controller_loadavg_low_watermark_1m": 120.0,
        "runtime": null
      }
    },
    "semantic": {
      "status": "not_initialized",
      "availability": "not_initialized",
      "summary": "semantic search is optional and has not been initialized yet",
      "available": false,
      "can_search": false,
      "fallback_mode": "lexical",
      "preferred_backend": "fastembed",
      "embedder_id": null,
      "vector_index_path": null,
      "model_dir": null,
      "hnsw_path": null,
      "hnsw_ready": false,
      "progressive_ready": false,
      "progressive_reason_code": null,
      "feature_compiled_in": true,
      "quality_tier_published": false,
      "semantic_only_search_available": false,
      "hint": "Run 'cass index --full' first. Optional later: run 'cass models install' and 'cass index --semantic'.",
      "fast_tier": {
        "present": false,
        "ready": false,
        "current_db_matches": null,
        "conversation_count": null,
        "doc_count": null,
        "embedder_id": null,
        "model_revision": null,
        "completed_at": null,
        "size_bytes": null,
        "shard_count": null
      },
      "quality_tier": {
        "present": false,
        "ready": false,
        "current_db_matches": null,
        "conversation_count": null,
        "doc_count": null,
        "embedder_id": null,
        "model_revision": null,
        "completed_at": null,
        "size_bytes": null,
        "shard_count": null
      },
      "backlog": {
        "total_conversations": 0,
        "fast_tier_processed": 0,
        "fast_tier_remaining": 0,
        "quality_tier_processed": 0,
        "quality_tier_remaining": 0,
        "pending_work": false,
        "current_db_matches": null,
        "computed_at": null
      },
      "checkpoint": {
        "active": false,
        "tier": null,
        "current_db_matches": null,
        "completed": null,
        "conversations_processed": null,
        "total_conversations": null,
        "progress_pct": null,
        "docs_embedded": null,
        "last_offset": null,
        "saved_at": null
      }
    },
    "ingest_quarantine": {
      "schema_version": 1,
      "status": "ok",
      "quarantined_conversations": 0,
      "recent_quarantined_conversations": 0,
      "recent_window_seconds": 3600,
      "circuit_breaker_limit": 25,
      "circuit_breaker_active": false,
      "quarantine_files": [],
      "newest_last_attempt_at_ms": null,
      "recommended_action": null
    },
    "policy_registry": {
      "schema_version": "1",
      "controllers": [
        {
          "controller_id": "lexical_rebuild_pipeline",
          "policy_id": "lexical_rebuild.pipeline.v1",
          "policy_version": "pipeline_settings_v1",
          "status": "active",
          "fallback_state": "not_needed",
          "conservative_fallback": false,
          "decision_reason": "pipeline settings active",
          "inputs": {
            "controller_loadavg_high_watermark_1m": "121.0",
            "controller_loadavg_low_watermark_1m": "120.0",
            "controller_mode": "auto",
            "controller_restore_clear_samples": "3",
            "controller_restore_hold_ms": "5000",
            "page_prep_workers": "[LIVE_COUNTER]",
            "pipeline_channel_size": "4",
            "pipeline_max_message_bytes_in_flight": "[LIVE_BYTES]",
            "staged_merge_workers": "[LIVE_COUNTER]",
            "staged_shard_builders": "[LIVE_COUNTER]"
          }
        },
        {
          "controller_id": "semantic_search",
          "policy_id": "semantic.hybrid_preferred.v1",
          "policy_version": "semantic_schema_1+chunking_1",
          "status": "fallback",
          "fallback_state": "conservative",
          "conservative_fallback": true,
          "decision_reason": "semantic unavailable; lexical fallback remains active",
          "inputs": {
            "chunk_timeout_seconds": "120",
            "chunking_strategy_version": "1",
            "download_policy": "opt_in",
            "fast_dimension": "256",
            "fast_tier_embedder": "hash",
            "idle_delay_seconds": "30",
            "max_backfill_rss_mb": "256",
            "max_backfill_threads": "1",
            "max_model_size_mb": "500",
            "max_refinement_docs": "100",
            "min_free_disk_mb": "200",
            "mode": "hybrid_preferred",
            "quality_dimension": "384",
            "quality_tier_embedder": "minilm",
            "quality_weight": "0.7",
            "reranker": "ms-marco-minilm",
            "semantic_available": "false",
            "semantic_budget_mb": "500",
            "semantic_fallback_mode": "lexical",
            "semantic_schema_version": "1"
          }
        }
      ]
    },
    "_meta": {
      "timestamp": "[TIMESTAMP]",
      "data_dir": "[TEST_HOME]/coding-agent-search",
      "db_path": "[TEST_HOME]/coding-agent-search/agent_search.db"
    }
  }
}