{
  "status": "not_initialized",
  "healthy": false,
  "health_level": "not_initialized",
  "initialized": false,
  "explanation": "No cass database or search index exists in [TEST_HOME]/cass-data yet. This is expected on a fresh install or when using a brand-new --data-dir.",
  "warnings": [],
  "data_dir": "[TEST_HOME]/cass-data",
  "index": {
    "exists": false,
    "status": "missing",
    "reason": "lexical index metadata missing",
    "fresh": false,
    "partial": false,
    "partial_reason": null,
    "last_indexed_at": null,
    "age_seconds": "[AGE_SECONDS]",
    "stale": false,
    "stale_threshold_seconds": 1800,
    "rebuilding": false,
    "stalled": false,
    "engine_incompatible": false,
    "activity_at": null,
    "documents": null,
    "live_documents": null,
    "hollow": false,
    "segment_files": null,
    "empty_with_messages": false,
    "quarantined_conversations": 0,
    "fingerprint": {
      "current_db_fingerprint": null,
      "checkpoint_fingerprint": null,
      "matches_current_db_fingerprint": null
    },
    "checkpoint": {
      "present": false,
      "completed": null,
      "db_matches": null,
      "schema_matches": null,
      "page_size_matches": null,
      "page_size_compatible": null
    }
  },
  "database": {
    "exists": false,
    "opened": false,
    "conversations": 0,
    "messages": 0,
    "path": "[TEST_HOME]/cass-data/agent_search.db",
    "db_bytes": "[LIVE_BYTES]",
    "wal_bytes": "[LIVE_BYTES]",
    "shm_present": false,
    "open_error": null,
    "open_retryable": false,
    "counts_skipped": false,
    "open_skipped": false,
    "integrity": "unknown",
    "integrity_detail": null,
    "integrity_hint": null
  },
  "pending": {
    "sessions": 0,
    "watch_active": false,
    "orphaned": false
  },
  "rebuild": {
    "active": false,
    "stalled": false,
    "engine_incompatible": false,
    "last_progress_at": null,
    "last_progress_age_ms": null,
    "orphaned": false,
    "pid": null,
    "mode": null,
    "job_id": null,
    "job_kind": null,
    "phase": null,
    "started_at": null,
    "updated_at": null,
    "processed_conversations": null,
    "total_conversations": null,
    "indexed_docs": null,
    "pipeline": {
      "workers": "[LIVE_COUNTER]",
      "available_parallelism": "[LIVE_COUNTER]",
      "reserved_cores": "[LIVE_COUNTER]",
      "tantivy_writer_threads": "[LIVE_COUNTER]",
      "staged_shard_builders": "[LIVE_COUNTER]",
      "staged_merge_workers": "[LIVE_COUNTER]",
      "controller_mode": "auto",
      "controller_restore_clear_samples": 3,
      "controller_restore_hold_ms": 5000,
      "pipeline_max_message_bytes_in_flight": "[LIVE_BYTES]",
      "page_prep_workers": "[LIVE_COUNTER]",
      "page_size": 1024,
      "steady_batch_fetch_conversations": 1024,
      "startup_batch_fetch_conversations": 32,
      "steady_commit_every_conversations": 10000,
      "startup_commit_every_conversations": 2048,
      "steady_commit_every_messages": 800000,
      "startup_commit_every_messages": 800000,
      "steady_commit_every_message_bytes": 536870912,
      "startup_commit_every_message_bytes": 134217728,
      "pipeline_channel_size": 4,
      "controller_loadavg_high_watermark_1m": 121.0,
      "controller_loadavg_low_watermark_1m": 120.0,
      "runtime": null
    }
  },
  "rebuild_progress": {
    "active": false,
    "stalled": false,
    "last_progress_at": null,
    "last_progress_age_ms": null,
    "mode": null,
    "phase": null,
    "processed_conversations": null,
    "total_conversations": null,
    "remaining_conversations": null,
    "completion_ratio": null,
    "indexed_docs": null,
    "runtime_available": false,
    "queue_depth": null,
    "queue_capacity": null,
    "queue_headroom": null,
    "pending_batch_conversations": null,
    "pending_batch_message_bytes": null,
    "inflight_message_bytes": null,
    "max_message_bytes_in_flight": null,
    "inflight_message_bytes_headroom": null,
    "controller_mode": null,
    "controller_reason": null,
    "updated_at": null
  },
  "semantic": {
    "status": "not_initialized",
    "availability": "not_initialized",
    "summary": "semantic search is optional and has not been initialized yet",
    "available": false,
    "can_search": false,
    "fallback_mode": "lexical",
    "preferred_backend": "fastembed",
    "embedder_id": null,
    "vector_index_path": null,
    "model_dir": null,
    "hnsw_path": null,
    "hnsw_ready": false,
    "progressive_ready": false,
    "progressive_reason_code": null,
    "feature_compiled_in": true,
    "quality_tier_published": false,
    "semantic_only_search_available": false,
    "hint": "Run 'cass index --full' first. Optional later: run 'cass models install' and 'cass index --semantic'.",
    "fast_tier": {
      "present": false,
      "ready": false,
      "current_db_matches": null,
      "conversation_count": null,
      "doc_count": null,
      "embedder_id": null,
      "model_revision": null,
      "completed_at": null,
      "size_bytes": null,
      "shard_count": null
    },
    "quality_tier": {
      "present": false,
      "ready": false,
      "current_db_matches": null,
      "conversation_count": null,
      "doc_count": null,
      "embedder_id": null,
      "model_revision": null,
      "completed_at": null,
      "size_bytes": null,
      "shard_count": null
    },
    "backlog": {
      "total_conversations": 0,
      "fast_tier_processed": 0,
      "fast_tier_remaining": 0,
      "quality_tier_processed": 0,
      "quality_tier_remaining": 0,
      "pending_work": false,
      "current_db_matches": null,
      "computed_at": null
    },
    "checkpoint": {
      "active": false,
      "tier": null,
      "current_db_matches": null,
      "completed": null,
      "conversations_processed": null,
      "total_conversations": null,
      "progress_pct": null,
      "docs_embedded": null,
      "last_offset": null,
      "saved_at": null
    }
  },
  "ingest_quarantine": {
    "schema_version": 1,
    "status": "ok",
    "quarantined_conversations": 0,
    "recent_quarantined_conversations": 0,
    "recent_window_seconds": 3600,
    "circuit_breaker_limit": 25,
    "circuit_breaker_active": false,
    "quarantine_files": [],
    "newest_last_attempt_at_ms": null,
    "recommended_action": null
  },
  "policy_registry": {
    "schema_version": "1",
    "controllers": [
      {
        "controller_id": "lexical_rebuild_pipeline",
        "policy_id": "lexical_rebuild.pipeline.v1",
        "policy_version": "pipeline_settings_v1",
        "status": "active",
        "fallback_state": "not_needed",
        "conservative_fallback": false,
        "decision_reason": "pipeline settings active",
        "inputs": {
          "controller_loadavg_high_watermark_1m": "121.0",
          "controller_loadavg_low_watermark_1m": "120.0",
          "controller_mode": "auto",
          "controller_restore_clear_samples": "3",
          "controller_restore_hold_ms": "5000",
          "page_prep_workers": "[LIVE_COUNTER]",
          "pipeline_channel_size": "4",
          "pipeline_max_message_bytes_in_flight": "[LIVE_BYTES]",
          "staged_merge_workers": "[LIVE_COUNTER]",
          "staged_shard_builders": "[LIVE_COUNTER]"
        }
      },
      {
        "controller_id": "semantic_search",
        "policy_id": "semantic.hybrid_preferred.v1",
        "policy_version": "semantic_schema_1+chunking_1",
        "status": "fallback",
        "fallback_state": "conservative",
        "conservative_fallback": true,
        "decision_reason": "semantic unavailable; lexical fallback remains active",
        "inputs": {
          "chunk_timeout_seconds": "120",
          "chunking_strategy_version": "1",
          "download_policy": "opt_in",
          "fast_dimension": "256",
          "fast_tier_embedder": "hash",
          "idle_delay_seconds": "30",
          "max_backfill_rss_mb": "256",
          "max_backfill_threads": "1",
          "max_model_size_mb": "500",
          "max_refinement_docs": "100",
          "min_free_disk_mb": "200",
          "mode": "hybrid_preferred",
          "quality_dimension": "384",
          "quality_tier_embedder": "minilm",
          "quality_weight": "0.7",
          "reranker": "ms-marco-minilm",
          "semantic_available": "false",
          "semantic_budget_mb": "500",
          "semantic_fallback_mode": "lexical",
          "semantic_schema_version": "1"
        }
      }
    ]
  },
  "topology_budget": {
    "schema_version": "1",
    "topology": {
      "source": "fallback",
      "topology_class": "many_core_single_socket",
      "logical_cpus": 128,
      "physical_cores": 64,
      "sockets": 1,
      "numa_nodes": 1,
      "llc_groups": 8,
      "smt_threads_per_core": 2,
      "memory_total_bytes": null,
      "memory_available_bytes": null
    },
    "reserved_core_policy": {
      "reserved_cores": "[LIVE_COUNTER]",
      "policy": "current conservative default",
      "reason": "topology could not be derived, so cass preserves existing worker and RAM defaults"
    },
    "advisory_budgets": {
      "shard_builders": "[LIVE_COUNTER]",
      "merge_workers": "[LIVE_COUNTER]",
      "page_prep_workers": "[LIVE_COUNTER]",
      "semantic_batchers": 8,
      "cache_cap_bytes": "[LIVE_BYTES]",
      "max_inflight_bytes": "[LIVE_BYTES]"
    },
    "current_defaults": {
      "available_parallelism": "[LIVE_COUNTER]",
      "reserved_cores": "[LIVE_COUNTER]",
      "shard_builders": "[LIVE_COUNTER]",
      "merge_workers": "[LIVE_COUNTER]",
      "page_prep_workers": "[LIVE_COUNTER]",
      "cache_cap_bytes": "[LIVE_BYTES]",
      "max_inflight_bytes": "[LIVE_BYTES]"
    },
    "fallback_active": true,
    "decision_reason": "using conservative defaults: linux sysfs topology is unavailable on this platform",
    "proof_notes": [
      "fallback is intentionally isomorphic to current defaults for live rebuild budgets",
      "no /sys-derived CPU locality assumptions are made in fallback mode"
    ]
  },
  "daemon_runtime": {
    "schema_version": 1,
    "state": "not-running",
    "observation": {
      "socket_path": "[DAEMON_SOCKET]",
      "data_dir": "[TEST_HOME]/cass-data",
      "run_lock_present": false,
      "socket_present": false,
      "socket_connectable": false,
      "connect_timed_out": false
    },
    "recovery": {
      "action_needed": false,
      "disposable_runtime_artifact": false,
      "why": "no daemon is running; an on-demand client will spawn one when needed"
    }
  },
  "doctor_summary": {
    "schema_version": 2,
    "surface": "status-summary",
    "mode": "read-only-check",
    "status": "skipped",
    "outcome_kind": "no_op",
    "health_class": "degraded-derived-assets",
    "risk_level": "unknown",
    "asset_class": "canonical_archive_db",
    "fallback_mode": "lexical",
    "authority_status": "read_only",
    "coverage_delta": {
      "status": "unknown",
      "archive_conversation_count": null,
      "visible_source_conversation_count": null,
      "raw_mirror_manifest_count": null,
      "db_projection_only_count": null,
      "missing_current_source_count": null,
      "conversation_delta": null,
      "message_delta": null,
      "semantic_vector_delta": null,
      "derived_asset_delta": null
    },
    "blocked_reasons": [],
    "plan_fingerprint": null,
    "receipt_path": null,
    "event_log_path": null,
    "artifact_manifest_path": null,
    "recommended_action": "Run 'cass index --full' once to discover local sessions and build the initial archive.",
    "redaction_status": "redacted",
    "contract_provenance": "runtime",
    "operation_outcome": {
      "kind": "ok-read-only-diagnosed",
      "reason": "archive database is not initialized yet, so doctor coverage cannot be checked",
      "action_taken": "reported bounded health/status doctor summary without mutating archive data",
      "action_not_taken": "did not run deep doctor collectors, source sync, rebuild, model verification, or filesystem-wide repair work",
      "safe_to_retry": true,
      "requires_override": false,
      "data_loss_risk": "unknown",
      "next_command": "cass index --full",
      "artifact_manifest_path": null,
      "exit_code_kind": "success"
    },
    "doctor_available": true,
    "safe_auto_run_eligible": false,
    "last_receipt_path": null,
    "failure_marker_path": null,
    "repair_previously_failed": false,
    "active_repair": {
      "active": false,
      "active_index_maintenance": false,
      "repair_blocked_reason": null
    },
    "repair_recommended": false,
    "repair_blocked_reason": null,
    "doctor_check_recommended": false,
    "archive_coverage_state": "not_initialized",
    "source_mirror_state": "not_initialized",
    "remote_source_sync": {
      "schema_version": 1,
      "status": "ok",
      "source": "status-inline-local-config",
      "checked": true,
      "archive_checked": false,
      "live_remote_probe_attempted": false,
      "remote_source_state": "not_configured",
      "sync_staleness": "not_configured",
      "local_mirror_state": "not_configured",
      "configured_remote_source_count": 0,
      "archive_remote_conversation_count": null,
      "sync_gap_count": 0,
      "highest_gap_severity": "none",
      "recommended_action": "none",
      "recommended_sync_commands": [],
      "notes": [
        "remote_source_sync is read-only and local-only: it reads sources.toml, sync_status.json, local mirror directories, and archive provenance rows only.",
        "Missing or stale remote sync state is a freshness gap, not proof that archived cass conversations are lost.",
        "Doctor never opens SSH sessions or mutates provider session logs while building this report.",
        "status-inline-local-config checked remote source config, sync status, and local cass mirrors without live SSH probes or provider log mutation"
      ]
    },
    "sole_copy_conversation_count": 0,
    "cleanup_reclaimable_bytes": 0,
    "quarantine_summary": {
      "failed_seed_bundle_count": 2,
      "retained_publish_backup_count": 2,
      "retained_publish_backup_retention_limit": 1,
      "lexical_generation_count": 1,
      "lexical_generation_build_state_counts": {
        "building": 0,
        "built": 0,
        "failed": 1,
        "scratch": 0,
        "validated": 0,
        "validating": 0
      },
      "lexical_generation_publish_state_counts": {
        "published": 0,
        "quarantined": 1,
        "staged": 0,
        "superseded": 0
      },
      "lexical_quarantined_generation_count": 1,
      "lexical_quarantined_shard_count": 1,
      "total_retained_bytes": 1138,
      "gc_eligible_asset_count": 1,
      "gc_eligible_bytes": 25,
      "inspection_required_asset_count": 3,
      "inspection_required_bytes": 1088,
      "cleanup_dry_run_generation_count": 1,
      "cleanup_dry_run_reclaim_candidate_count": 0,
      "cleanup_dry_run_reclaimable_bytes": 0,
      "cleanup_dry_run_retained_bytes": 512,
      "cleanup_dry_run_protected_generation_count": 1,
      "cleanup_dry_run_active_generation_count": 0,
      "cleanup_dry_run_inspection_required_count": 1,
      "cleanup_dry_run_approval_fingerprint": "cleanup-v1-6ccf4cfcf4dc2e46ee789a8531ea21cf1281cd50840978e797928bf330e31fc7",
      "cleanup_apply_allowed": false
    },
    "coverage_source": {
      "status": "not_checked",
      "source": "status-fast-state",
      "confidence_tier": "unchecked",
      "generated_at": "[TIMESTAMP]",
      "stale_after_seconds": 0,
      "source_report_id": null,
      "recommended_action": "Run cass index --full once before archive coverage can be assessed."
    },
    "health_status": "not_initialized",
    "db_exists": false
  },
  "remote_source_sync": {
    "schema_version": 1,
    "status": "ok",
    "source": "status-inline-local-config",
    "checked": true,
    "archive_checked": false,
    "live_remote_probe_attempted": false,
    "remote_source_state": "not_configured",
    "sync_staleness": "not_configured",
    "local_mirror_state": "not_configured",
    "configured_remote_source_count": 0,
    "archive_remote_conversation_count": null,
    "sync_gap_count": 0,
    "highest_gap_severity": "none",
    "recommended_action": "none",
    "recommended_sync_commands": [],
    "notes": [
      "remote_source_sync is read-only and local-only: it reads sources.toml, sync_status.json, local mirror directories, and archive provenance rows only.",
      "Missing or stale remote sync state is a freshness gap, not proof that archived cass conversations are lost.",
      "Doctor never opens SSH sessions or mutates provider session logs while building this report.",
      "status-inline-local-config checked remote source config, sync status, and local cass mirrors without live SSH probes or provider log mutation"
    ]
  },
  "coverage_risk": {
    "schema_version": 1,
    "status": "not_initialized",
    "confidence_tier": "unchecked",
    "archive_conversation_count": 0,
    "missing_current_source_count": 0,
    "db_without_raw_mirror_count": 0,
    "db_projection_only_count": 0,
    "mirror_without_db_link_count": 0,
    "current_source_newer_than_archive_count": 0,
    "raw_mirror_db_link_count": 0,
    "sole_copy_warning_count": 0,
    "recommended_action": "Run 'cass index --full' once before coverage can be assessed."
  },
  "quarantine": {
    "summary": {
      "failed_seed_bundle_count": 2,
      "retained_publish_backup_count": 2,
      "retained_publish_backup_retention_limit": 1,
      "lexical_generation_count": 1,
      "lexical_generation_build_state_counts": {
        "building": 0,
        "built": 0,
        "failed": 1,
        "scratch": 0,
        "validated": 0,
        "validating": 0
      },
      "lexical_generation_publish_state_counts": {
        "published": 0,
        "quarantined": 1,
        "staged": 0,
        "superseded": 0
      },
      "lexical_quarantined_generation_count": 1,
      "lexical_quarantined_shard_count": 1,
      "total_retained_bytes": 1138,
      "gc_eligible_asset_count": 1,
      "gc_eligible_bytes": 25,
      "inspection_required_asset_count": 3,
      "inspection_required_bytes": 1088,
      "cleanup_dry_run_generation_count": 1,
      "cleanup_dry_run_reclaim_candidate_count": 0,
      "cleanup_dry_run_reclaimable_bytes": 0,
      "cleanup_dry_run_retained_bytes": 512,
      "cleanup_dry_run_protected_generation_count": 1,
      "cleanup_dry_run_active_generation_count": 0,
      "cleanup_dry_run_inspection_required_count": 1,
      "cleanup_dry_run_approval_fingerprint": "cleanup-v1-6ccf4cfcf4dc2e46ee789a8531ea21cf1281cd50840978e797928bf330e31fc7",
      "cleanup_apply_allowed": false
    },
    "quarantined_artifacts": [
      {
        "asset_class": "failed_seed_bundle",
        "safety_classification": "diagnostic_evidence",
        "derived": false,
        "precious": true,
        "auto_delete_allowed": false,
        "safe_to_gc_allowed": false,
        "artifact_kind": "failed_seed_bundle_file",
        "path": "[TEST_HOME]/cass-data/backups/agent_search.db.20260423T120000.12345.deadbeef.failed-baseline-seed.bak",
        "generation_id": null,
        "shard_id": null,
        "publish_state": null,
        "shard_state": null,
        "size_bytes": 11,
        "age_seconds": "[AGE_SECONDS]",
        "last_read_at_ms": "[LAST_READ_MS]",
        "safe_to_gc": false,
        "gc_reason": "failed baseline seed quarantine requires operator inspection"
      },
      {
        "asset_class": "failed_seed_bundle",
        "safety_classification": "diagnostic_evidence",
        "derived": false,
        "precious": true,
        "auto_delete_allowed": false,
        "safe_to_gc_allowed": false,
        "artifact_kind": "failed_seed_bundle_file",
        "path": "[TEST_HOME]/cass-data/backups/agent_search.db.20260423T120000.12345.deadbeef.failed-baseline-seed.bak-wal",
        "generation_id": null,
        "shard_id": null,
        "publish_state": null,
        "shard_state": null,
        "size_bytes": 8,
        "age_seconds": "[AGE_SECONDS]",
        "last_read_at_ms": "[LAST_READ_MS]",
        "safe_to_gc": false,
        "gc_reason": "failed baseline seed quarantine requires operator inspection"
      },
      {
        "asset_class": "quarantined_lexical_generation",
        "safety_classification": "diagnostic_evidence",
        "derived": true,
        "precious": false,
        "auto_delete_allowed": false,
        "safe_to_gc_allowed": false,
        "artifact_kind": "lexical_generation",
        "path": "[TEST_HOME]/cass-data/index/generation-quarantined",
        "generation_id": "gen-quarantined",
        "shard_id": null,
        "publish_state": "quarantined",
        "shard_state": null,
        "size_bytes": 1069,
        "age_seconds": "[AGE_SECONDS]",
        "last_read_at_ms": "[LAST_READ_MS]",
        "safe_to_gc": false,
        "gc_reason": "cleanup dry-run requires inspection before garbage collection"
      },
      {
        "asset_class": "quarantined_lexical_shard",
        "safety_classification": "diagnostic_evidence",
        "derived": true,
        "precious": false,
        "auto_delete_allowed": false,
        "safe_to_gc_allowed": false,
        "artifact_kind": "lexical_shard",
        "path": "[TEST_HOME]/cass-data/index/generation-quarantined",
        "generation_id": "gen-quarantined",
        "shard_id": "shard-a",
        "publish_state": "quarantined",
        "shard_state": "quarantined",
        "size_bytes": 512,
        "age_seconds": "[AGE_SECONDS]",
        "last_read_at_ms": "[LAST_READ_MS]",
        "safe_to_gc": false,
        "gc_reason": "validation_failed"
      }
    ],
    "failed_seed_bundle_files": [
      {
        "asset_class": "failed_seed_bundle",
        "safety_classification": "diagnostic_evidence",
        "derived": false,
        "precious": true,
        "auto_delete_allowed": false,
        "safe_to_gc_allowed": false,
        "path": "[TEST_HOME]/cass-data/backups/agent_search.db.20260423T120000.12345.deadbeef.failed-baseline-seed.bak",
        "size_bytes": 11,
        "age_seconds": "[AGE_SECONDS]",
        "last_read_at_ms": "[LAST_READ_MS]",
        "safe_to_gc": false,
        "gc_reason": "failed baseline seed quarantine requires operator inspection"
      },
      {
        "asset_class": "failed_seed_bundle",
        "safety_classification": "diagnostic_evidence",
        "derived": false,
        "precious": true,
        "auto_delete_allowed": false,
        "safe_to_gc_allowed": false,
        "path": "[TEST_HOME]/cass-data/backups/agent_search.db.20260423T120000.12345.deadbeef.failed-baseline-seed.bak-wal",
        "size_bytes": 8,
        "age_seconds": "[AGE_SECONDS]",
        "last_read_at_ms": "[LAST_READ_MS]",
        "safe_to_gc": false,
        "gc_reason": "failed baseline seed quarantine requires operator inspection"
      }
    ],
    "retained_publish_backups": [
      {
        "asset_class": "retained_publish_backup",
        "safety_classification": "derived_reclaimable",
        "derived": true,
        "precious": false,
        "auto_delete_allowed": true,
        "safe_to_gc_allowed": true,
        "path": "[TEST_HOME]/cass-data/index/.lexical-publish-backups/prior-live-newer",
        "size_bytes": 25,
        "age_seconds": "[AGE_SECONDS]",
        "last_read_at_ms": "[LAST_READ_MS]",
        "safe_to_gc": false,
        "gc_reason": "retained lexical publish backup is still protected by retention cap (1)"
      },
      {
        "asset_class": "retained_publish_backup",
        "safety_classification": "derived_reclaimable",
        "derived": true,
        "precious": false,
        "auto_delete_allowed": true,
        "safe_to_gc_allowed": true,
        "path": "[TEST_HOME]/cass-data/index/.lexical-publish-backups/prior-live-older",
        "size_bytes": 25,
        "age_seconds": "[AGE_SECONDS]",
        "last_read_at_ms": "[LAST_READ_MS]",
        "safe_to_gc": true,
        "gc_reason": "retained lexical publish backup falls outside retention cap (1)"
      }
    ],
    "lexical_generations": [
      {
        "asset_class": "quarantined_lexical_generation",
        "safety_classification": "diagnostic_evidence",
        "derived": true,
        "precious": false,
        "auto_delete_allowed": false,
        "safe_to_gc_allowed": false,
        "path": "[TEST_HOME]/cass-data/index/generation-quarantined",
        "generation_id": "gen-quarantined",
        "publish_state": "quarantined",
        "quarantined_shards": 1,
        "total_shards": 1,
        "artifact_bytes": 1069,
        "updated_at_ms": 1733000000321,
        "age_seconds": "[AGE_SECONDS]",
        "last_read_at_ms": "[LAST_READ_MS]",
        "reclaimable_bytes": 0,
        "inspection_required": true,
        "safe_to_gc": false,
        "gc_reason": "cleanup dry-run requires inspection before garbage collection"
      }
    ],
    "lexical_cleanup_dry_run": {
      "dry_run": true,
      "approval_fingerprint": "cleanup-v1-6ccf4cfcf4dc2e46ee789a8531ea21cf1281cd50840978e797928bf330e31fc7",
      "generation_count": 1,
      "total_artifact_bytes": 512,
      "total_reclaimable_bytes": 0,
      "total_retained_bytes": 512,
      "reclaim_candidates": [],
      "reclaimable_generation_ids": [],
      "fully_retained_generation_ids": [
        "gen-quarantined"
      ],
      "protected_generation_ids": [
        "gen-quarantined"
      ],
      "protected_retained_bytes": 512,
      "quarantined_generation_ids": [
        "gen-quarantined"
      ],
      "active_generation_ids": [],
      "disposition_counts": {
        "quarantined_retained": 1
      },
      "generation_disposition_summaries": {
        "quarantined_retained": {
          "generation_count": 1,
          "artifact_bytes": 512,
          "reclaimable_bytes": 0,
          "retained_bytes": 512
        }
      },
      "inspection_items": [
        {
          "generation_id": "gen-quarantined",
          "shard_id": "shard-a",
          "disposition": "quarantined_retained",
          "reason": "validation_failed",
          "retained_bytes": 512
        }
      ],
      "inspection_required_generation_ids": [
        "gen-quarantined"
      ],
      "inspection_required_count": 1,
      "inspection_required_retained_bytes": 512,
      "shard_disposition_summaries": {
        "quarantined_retained": {
          "shard_count": 1,
          "artifact_bytes": 512,
          "reclaimable_bytes": 0,
          "retained_bytes": 512
        }
      },
      "inventories": [
        {
          "generation_id": "gen-quarantined",
          "build_state": "failed",
          "publish_state": "quarantined",
          "disposition": "quarantined_retained",
          "reason": "quarantined lexical generation is retained for inspection",
          "retain_until_ms": null,
          "retention_reason": "quarantined generation is retained indefinitely until operator inspection clears it",
          "artifact_bytes": 512,
          "reclaimable_bytes": 0,
          "retained_bytes": 512,
          "shards": [
            {
              "shard_id": "shard-a",
              "state": "quarantined",
              "disposition": "quarantined_retained",
              "reason": "validation_failed",
              "artifact_bytes": 512,
              "reclaimable_bytes": 0,
              "retained_bytes": 512
            }
          ]
        }
      ]
    },
    "lexical_cleanup_apply_gate": {
      "apply_allowed": false,
      "dry_run": true,
      "explicit_operator_approval": false,
      "approval_fingerprint": "cleanup-v1-6ccf4cfcf4dc2e46ee789a8531ea21cf1281cd50840978e797928bf330e31fc7",
      "provided_approval_fingerprint": null,
      "approval_fingerprint_status": "not_requested",
      "approval_fingerprint_matches": false,
      "generation_count": 1,
      "total_artifact_bytes": 512,
      "total_retained_bytes": 512,
      "candidate_count": 0,
      "reclaimable_bytes": 0,
      "disposition_counts": {
        "quarantined_retained": 1
      },
      "generation_disposition_summaries": {
        "quarantined_retained": {
          "generation_count": 1,
          "artifact_bytes": 512,
          "reclaimable_bytes": 0,
          "retained_bytes": 512
        }
      },
      "shard_disposition_summaries": {
        "quarantined_retained": {
          "shard_count": 1,
          "artifact_bytes": 512,
          "reclaimable_bytes": 0,
          "retained_bytes": 512
        }
      },
      "candidate_previews": [],
      "reclaimable_generation_ids": [],
      "fully_retained_generation_ids": [
        "gen-quarantined"
      ],
      "quarantined_generation_ids": [
        "gen-quarantined"
      ],
      "blocker_codes": [
        "no_reclaimable_candidates",
        "operator_approval_required"
      ],
      "blocked_reasons": [
        "no reclaimable cleanup candidates",
        "destructive cleanup requires explicit operator approval after dry-run"
      ],
      "active_generation_ids": [],
      "protected_generation_ids": [
        "gen-quarantined"
      ],
      "protected_retained_bytes": 512,
      "inspection_previews": [
        {
          "generation_id": "gen-quarantined",
          "shard_id": "shard-a",
          "disposition": "quarantined_retained",
          "reason": "validation_failed",
          "retained_bytes": 512
        }
      ],
      "inspection_required_count": 1,
      "inspection_required_retained_bytes": 512,
      "inspection_required_generation_ids": [
        "gen-quarantined"
      ]
    },
    "warnings": []
  },
  "search_completeness": {
    "quarantine_status": "ok",
    "quarantined_conversations": 0,
    "complete": true,
    "can_search": true,
    "coverage_suspect": false,
    "impact": "search covers all known conversations; nothing is quarantined",
    "next_command": "cass status --json"
  },
  "root_cause": {
    "schema_version": 1,
    "family": "unknown",
    "locus": "unknown",
    "confidence": "unknown",
    "evidence_refs": [],
    "summary": "no evidence signals pointed at any root-cause family",
    "recommended_next_probe": "cass diag --json && cass doctor check --json"
  },
  "storage_integrity": {
    "storage_state": "ok",
    "source_of_truth_risk": "none",
    "archive_readability": "not_checked",
    "checks_attempted": [
      {
        "name": "db_open",
        "elapsed_ms": "[ELAPSED_MS]",
        "timed_out": false,
        "skipped_reason": "database not initialized",
        "read_only": true
      },
      {
        "name": "contention_classification",
        "elapsed_ms": "[ELAPSED_MS]",
        "timed_out": false,
        "skipped_reason": "database file absent",
        "read_only": true
      },
      {
        "name": "schema_version",
        "elapsed_ms": "[ELAPSED_MS]",
        "timed_out": false,
        "skipped_reason": "database file absent",
        "read_only": true
      },
      {
        "name": "wal_sidecar_shape",
        "elapsed_ms": "[ELAPSED_MS]",
        "timed_out": false,
        "skipped_reason": "database file absent",
        "read_only": true
      }
    ]
  },
  "recommended_action": "Run 'cass index --full' once to discover local sessions and build the initial archive.",
  "recommended_commands": [
    {
      "id": "initialize-archive",
      "command": "cass index --full --json --no-progress-events --data-dir [TEST_HOME]/cass-data",
      "purpose": "Discover local sessions and build the initial cass archive plus lexical index.",
      "safety": "writes-cass-archive-and-derived-index",
      "run_when": "Run when status is not_initialized for this data_dir.",
      "success_signal": "success=true, then cass health reports initialized=true",
      "parse_fields": [
        "success",
        "conversations",
        "messages",
        "error"
      ],
      "retry_after_ms": null
    },
    {
      "id": "verify-initialization",
      "command": "cass health --json --data-dir [TEST_HOME]/cass-data",
      "purpose": "Verify the same data_dir is ready after the initial index run.",
      "safety": "read-only",
      "run_when": "Run after initialize-archive finishes.",
      "success_signal": "healthy=true or recommended_commands changes to the next blocker",
      "parse_fields": [
        "status",
        "healthy",
        "initialized",
        "errors",
        "recommended_commands"
      ],
      "retry_after_ms": null
    }
  ],
  "budget": {
    "elapsed_ms": "[ELAPSED_MS]",
    "budget_ms": 8000,
    "timed_out": false,
    "skipped_sections": [],
    "recommended_next_probe": null
  },
  "_meta": {
    "timestamp": "[TIMESTAMP]",
    "data_dir": "[TEST_HOME]/cass-data",
    "db_path": "[TEST_HOME]/cass-data/agent_search.db"
  }
}