{
  "type": "object",
  "properties": {
    "status": {
      "type": "string"
    },
    "healthy": {
      "type": "boolean"
    },
    "health_level": {
      "type": "string"
    },
    "initialized": {
      "type": "boolean"
    },
    "explanation": {
      "type": "string"
    },
    "warnings": {
      "type": "array",
      "items": {
        "type": "unknown"
      }
    },
    "data_dir": {
      "type": "string"
    },
    "index": {
      "type": "object",
      "properties": {
        "exists": {
          "type": "boolean"
        },
        "status": {
          "type": "string"
        },
        "reason": {
          "type": "string"
        },
        "fresh": {
          "type": "boolean"
        },
        "partial": {
          "type": "boolean"
        },
        "partial_reason": {
          "type": "null"
        },
        "last_indexed_at": {
          "type": "null"
        },
        "age_seconds": {
          "type": "null"
        },
        "stale": {
          "type": "boolean"
        },
        "stale_threshold_seconds": {
          "type": "integer"
        },
        "rebuilding": {
          "type": "boolean"
        },
        "stalled": {
          "type": "boolean"
        },
        "engine_incompatible": {
          "type": "boolean"
        },
        "activity_at": {
          "type": "null"
        },
        "documents": {
          "type": "null"
        },
        "live_documents": {
          "type": "null"
        },
        "hollow": {
          "type": "boolean"
        },
        "segment_files": {
          "type": "null"
        },
        "empty_with_messages": {
          "type": "boolean"
        },
        "quarantined_conversations": {
          "type": "integer"
        },
        "fingerprint": {
          "type": "object",
          "properties": {
            "current_db_fingerprint": {
              "type": "null"
            },
            "checkpoint_fingerprint": {
              "type": "null"
            },
            "matches_current_db_fingerprint": {
              "type": "null"
            }
          }
        },
        "checkpoint": {
          "type": "object",
          "properties": {
            "present": {
              "type": "boolean"
            },
            "completed": {
              "type": "null"
            },
            "db_matches": {
              "type": "null"
            },
            "schema_matches": {
              "type": "null"
            },
            "page_size_matches": {
              "type": "null"
            },
            "page_size_compatible": {
              "type": "null"
            }
          }
        }
      }
    },
    "database": {
      "type": "object",
      "properties": {
        "exists": {
          "type": "boolean"
        },
        "opened": {
          "type": "boolean"
        },
        "conversations": {
          "type": "integer"
        },
        "messages": {
          "type": "integer"
        },
        "path": {
          "type": "string"
        },
        "db_bytes": {
          "type": "integer"
        },
        "wal_bytes": {
          "type": "integer"
        },
        "shm_present": {
          "type": "boolean"
        },
        "open_error": {
          "type": "null"
        },
        "open_retryable": {
          "type": "boolean"
        },
        "counts_skipped": {
          "type": "boolean"
        },
        "open_skipped": {
          "type": "boolean"
        },
        "integrity": {
          "type": "string"
        },
        "integrity_detail": {
          "type": "null"
        },
        "integrity_hint": {
          "type": "null"
        }
      }
    },
    "pending": {
      "type": "object",
      "properties": {
        "sessions": {
          "type": "integer"
        },
        "watch_active": {
          "type": "boolean"
        },
        "orphaned": {
          "type": "boolean"
        }
      }
    },
    "rebuild": {
      "type": "object",
      "properties": {
        "active": {
          "type": "boolean"
        },
        "stalled": {
          "type": "boolean"
        },
        "engine_incompatible": {
          "type": "boolean"
        },
        "last_progress_at": {
          "type": "null"
        },
        "last_progress_age_ms": {
          "type": "null"
        },
        "orphaned": {
          "type": "boolean"
        },
        "pid": {
          "type": "null"
        },
        "mode": {
          "type": "null"
        },
        "job_id": {
          "type": "null"
        },
        "job_kind": {
          "type": "null"
        },
        "phase": {
          "type": "null"
        },
        "started_at": {
          "type": "null"
        },
        "updated_at": {
          "type": "null"
        },
        "processed_conversations": {
          "type": "null"
        },
        "total_conversations": {
          "type": "null"
        },
        "indexed_docs": {
          "type": "null"
        },
        "pipeline": {
          "type": "object",
          "properties": {
            "workers": {
              "type": "integer"
            },
            "available_parallelism": {
              "type": "integer"
            },
            "reserved_cores": {
              "type": "integer"
            },
            "tantivy_writer_threads": {
              "type": "integer"
            },
            "staged_shard_builders": {
              "type": "integer"
            },
            "staged_merge_workers": {
              "type": "integer"
            },
            "controller_mode": {
              "type": "string"
            },
            "controller_restore_clear_samples": {
              "type": "integer"
            },
            "controller_restore_hold_ms": {
              "type": "integer"
            },
            "pipeline_max_message_bytes_in_flight": {
              "type": "integer"
            },
            "page_prep_workers": {
              "type": "integer"
            },
            "page_size": {
              "type": "integer"
            },
            "steady_batch_fetch_conversations": {
              "type": "integer"
            },
            "startup_batch_fetch_conversations": {
              "type": "integer"
            },
            "steady_commit_every_conversations": {
              "type": "integer"
            },
            "startup_commit_every_conversations": {
              "type": "integer"
            },
            "steady_commit_every_messages": {
              "type": "integer"
            },
            "startup_commit_every_messages": {
              "type": "integer"
            },
            "steady_commit_every_message_bytes": {
              "type": "integer"
            },
            "startup_commit_every_message_bytes": {
              "type": "integer"
            },
            "pipeline_channel_size": {
              "type": "integer"
            },
            "controller_loadavg_high_watermark_1m": {
              "type": "number"
            },
            "controller_loadavg_low_watermark_1m": {
              "type": "number"
            },
            "runtime": {
              "type": "null"
            }
          }
        }
      }
    },
    "rebuild_progress": {
      "type": "object",
      "properties": {
        "active": {
          "type": "boolean"
        },
        "stalled": {
          "type": "boolean"
        },
        "last_progress_at": {
          "type": "null"
        },
        "last_progress_age_ms": {
          "type": "null"
        },
        "mode": {
          "type": "null"
        },
        "phase": {
          "type": "null"
        },
        "processed_conversations": {
          "type": "null"
        },
        "total_conversations": {
          "type": "null"
        },
        "remaining_conversations": {
          "type": "null"
        },
        "completion_ratio": {
          "type": "null"
        },
        "indexed_docs": {
          "type": "null"
        },
        "runtime_available": {
          "type": "boolean"
        },
        "queue_depth": {
          "type": "null"
        },
        "queue_capacity": {
          "type": "null"
        },
        "queue_headroom": {
          "type": "null"
        },
        "pending_batch_conversations": {
          "type": "null"
        },
        "pending_batch_message_bytes": {
          "type": "null"
        },
        "inflight_message_bytes": {
          "type": "null"
        },
        "max_message_bytes_in_flight": {
          "type": "null"
        },
        "inflight_message_bytes_headroom": {
          "type": "null"
        },
        "controller_mode": {
          "type": "null"
        },
        "controller_reason": {
          "type": "null"
        },
        "updated_at": {
          "type": "null"
        }
      }
    },
    "semantic": {
      "type": "object",
      "properties": {
        "status": {
          "type": "string"
        },
        "availability": {
          "type": "string"
        },
        "summary": {
          "type": "string"
        },
        "available": {
          "type": "boolean"
        },
        "can_search": {
          "type": "boolean"
        },
        "fallback_mode": {
          "type": "string"
        },
        "preferred_backend": {
          "type": "string"
        },
        "embedder_id": {
          "type": "null"
        },
        "vector_index_path": {
          "type": "null"
        },
        "model_dir": {
          "type": "null"
        },
        "hnsw_path": {
          "type": "null"
        },
        "hnsw_ready": {
          "type": "boolean"
        },
        "progressive_ready": {
          "type": "boolean"
        },
        "progressive_reason_code": {
          "type": "null"
        },
        "feature_compiled_in": {
          "type": "boolean"
        },
        "quality_tier_published": {
          "type": "boolean"
        },
        "semantic_only_search_available": {
          "type": "boolean"
        },
        "hint": {
          "type": "string"
        },
        "fast_tier": {
          "type": "object",
          "properties": {
            "present": {
              "type": "boolean"
            },
            "ready": {
              "type": "boolean"
            },
            "current_db_matches": {
              "type": "null"
            },
            "conversation_count": {
              "type": "null"
            },
            "doc_count": {
              "type": "null"
            },
            "embedder_id": {
              "type": "null"
            },
            "model_revision": {
              "type": "null"
            },
            "completed_at": {
              "type": "null"
            },
            "size_bytes": {
              "type": "null"
            },
            "shard_count": {
              "type": "null"
            }
          }
        },
        "quality_tier": {
          "type": "object",
          "properties": {
            "present": {
              "type": "boolean"
            },
            "ready": {
              "type": "boolean"
            },
            "current_db_matches": {
              "type": "null"
            },
            "conversation_count": {
              "type": "null"
            },
            "doc_count": {
              "type": "null"
            },
            "embedder_id": {
              "type": "null"
            },
            "model_revision": {
              "type": "null"
            },
            "completed_at": {
              "type": "null"
            },
            "size_bytes": {
              "type": "null"
            },
            "shard_count": {
              "type": "null"
            }
          }
        },
        "backlog": {
          "type": "object",
          "properties": {
            "total_conversations": {
              "type": "integer"
            },
            "fast_tier_processed": {
              "type": "integer"
            },
            "fast_tier_remaining": {
              "type": "integer"
            },
            "quality_tier_processed": {
              "type": "integer"
            },
            "quality_tier_remaining": {
              "type": "integer"
            },
            "pending_work": {
              "type": "boolean"
            },
            "current_db_matches": {
              "type": "null"
            },
            "computed_at": {
              "type": "null"
            }
          }
        },
        "checkpoint": {
          "type": "object",
          "properties": {
            "active": {
              "type": "boolean"
            },
            "tier": {
              "type": "null"
            },
            "current_db_matches": {
              "type": "null"
            },
            "completed": {
              "type": "null"
            },
            "conversations_processed": {
              "type": "null"
            },
            "total_conversations": {
              "type": "null"
            },
            "progress_pct": {
              "type": "null"
            },
            "docs_embedded": {
              "type": "null"
            },
            "last_offset": {
              "type": "null"
            },
            "saved_at": {
              "type": "null"
            }
          }
        }
      }
    },
    "ingest_quarantine": {
      "type": "object",
      "properties": {
        "schema_version": {
          "type": "integer"
        },
        "status": {
          "type": "string"
        },
        "quarantined_conversations": {
          "type": "integer"
        },
        "recent_quarantined_conversations": {
          "type": "integer"
        },
        "recent_window_seconds": {
          "type": "integer"
        },
        "circuit_breaker_limit": {
          "type": "integer"
        },
        "circuit_breaker_active": {
          "type": "boolean"
        },
        "quarantine_files": {
          "type": "array",
          "items": {
            "type": "unknown"
          }
        },
        "newest_last_attempt_at_ms": {
          "type": "null"
        },
        "recommended_action": {
          "type": "null"
        }
      }
    },
    "policy_registry": {
      "type": "object",
      "properties": {
        "schema_version": {
          "type": "string"
        },
        "controllers": {
          "type": "array",
          "items": {
            "type": "object",
            "properties": {
              "controller_id": {
                "type": "string"
              },
              "policy_id": {
                "type": "string"
              },
              "policy_version": {
                "type": "string"
              },
              "status": {
                "type": "string"
              },
              "fallback_state": {
                "type": "string"
              },
              "conservative_fallback": {
                "type": "boolean"
              },
              "decision_reason": {
                "type": "string"
              },
              "inputs": {
                "type": "object",
                "properties": {
                  "controller_loadavg_high_watermark_1m": {
                    "type": "string"
                  },
                  "controller_loadavg_low_watermark_1m": {
                    "type": "string"
                  },
                  "controller_mode": {
                    "type": "string"
                  },
                  "controller_restore_clear_samples": {
                    "type": "string"
                  },
                  "controller_restore_hold_ms": {
                    "type": "string"
                  },
                  "page_prep_workers": {
                    "type": "string"
                  },
                  "pipeline_channel_size": {
                    "type": "string"
                  },
                  "pipeline_max_message_bytes_in_flight": {
                    "type": "string"
                  },
                  "staged_merge_workers": {
                    "type": "string"
                  },
                  "staged_shard_builders": {
                    "type": "string"
                  }
                }
              }
            }
          }
        }
      }
    },
    "topology_budget": {
      "type": "object",
      "properties": {
        "schema_version": {
          "type": "string"
        },
        "topology": {
          "type": "object",
          "properties": {
            "source": {
              "type": "string"
            },
            "topology_class": {
              "type": "string"
            },
            "logical_cpus": {
              "type": "integer"
            },
            "physical_cores": {
              "type": "integer"
            },
            "sockets": {
              "type": "integer"
            },
            "numa_nodes": {
              "type": "integer"
            },
            "llc_groups": {
              "type": "integer"
            },
            "smt_threads_per_core": {
              "type": "integer"
            },
            "memory_total_bytes": {
              "type": "integer"
            },
            "memory_available_bytes": {
              "type": "integer"
            }
          }
        },
        "reserved_core_policy": {
          "type": "object",
          "properties": {
            "reserved_cores": {
              "type": "integer"
            },
            "policy": {
              "type": "string"
            },
            "reason": {
              "type": "string"
            }
          }
        },
        "advisory_budgets": {
          "type": "object",
          "properties": {
            "shard_builders": {
              "type": "integer"
            },
            "merge_workers": {
              "type": "integer"
            },
            "page_prep_workers": {
              "type": "integer"
            },
            "semantic_batchers": {
              "type": "integer"
            },
            "cache_cap_bytes": {
              "type": "integer"
            },
            "max_inflight_bytes": {
              "type": "integer"
            }
          }
        },
        "current_defaults": {
          "type": "object",
          "properties": {
            "available_parallelism": {
              "type": "integer"
            },
            "reserved_cores": {
              "type": "integer"
            },
            "shard_builders": {
              "type": "integer"
            },
            "merge_workers": {
              "type": "integer"
            },
            "page_prep_workers": {
              "type": "integer"
            },
            "cache_cap_bytes": {
              "type": "integer"
            },
            "max_inflight_bytes": {
              "type": "integer"
            }
          }
        },
        "fallback_active": {
          "type": "boolean"
        },
        "decision_reason": {
          "type": "string"
        },
        "proof_notes": {
          "type": "array",
          "items": {
            "type": "string"
          }
        }
      }
    },
    "daemon_runtime": {
      "type": "object",
      "properties": {
        "schema_version": {
          "type": "integer"
        },
        "state": {
          "type": "string"
        },
        "observation": {
          "type": "object",
          "properties": {
            "socket_path": {
              "type": "string"
            },
            "data_dir": {
              "type": "string"
            },
            "run_lock_present": {
              "type": "boolean"
            },
            "socket_present": {
              "type": "boolean"
            },
            "socket_connectable": {
              "type": "boolean"
            },
            "connect_timed_out": {
              "type": "boolean"
            }
          }
        },
        "recovery": {
          "type": "object",
          "properties": {
            "action_needed": {
              "type": "boolean"
            },
            "disposable_runtime_artifact": {
              "type": "boolean"
            },
            "why": {
              "type": "string"
            }
          }
        }
      }
    },
    "doctor_summary": {
      "type": "object",
      "properties": {
        "schema_version": {
          "type": "integer"
        },
        "surface": {
          "type": "string"
        },
        "mode": {
          "type": "string"
        },
        "status": {
          "type": "string"
        },
        "outcome_kind": {
          "type": "string"
        },
        "health_class": {
          "type": "string"
        },
        "risk_level": {
          "type": "string"
        },
        "asset_class": {
          "type": "string"
        },
        "fallback_mode": {
          "type": "string"
        },
        "authority_status": {
          "type": "string"
        },
        "coverage_delta": {
          "type": "object",
          "properties": {
            "status": {
              "type": "string"
            },
            "archive_conversation_count": {
              "type": "null"
            },
            "visible_source_conversation_count": {
              "type": "null"
            },
            "raw_mirror_manifest_count": {
              "type": "null"
            },
            "db_projection_only_count": {
              "type": "null"
            },
            "missing_current_source_count": {
              "type": "null"
            },
            "conversation_delta": {
              "type": "null"
            },
            "message_delta": {
              "type": "null"
            },
            "semantic_vector_delta": {
              "type": "null"
            },
            "derived_asset_delta": {
              "type": "null"
            }
          }
        },
        "blocked_reasons": {
          "type": "array",
          "items": {
            "type": "unknown"
          }
        },
        "plan_fingerprint": {
          "type": "null"
        },
        "receipt_path": {
          "type": "null"
        },
        "event_log_path": {
          "type": "null"
        },
        "artifact_manifest_path": {
          "type": "null"
        },
        "recommended_action": {
          "type": "string"
        },
        "redaction_status": {
          "type": "string"
        },
        "contract_provenance": {
          "type": "string"
        },
        "operation_outcome": {
          "type": "object",
          "properties": {
            "kind": {
              "type": "string"
            },
            "reason": {
              "type": "string"
            },
            "action_taken": {
              "type": "string"
            },
            "action_not_taken": {
              "type": "string"
            },
            "safe_to_retry": {
              "type": "boolean"
            },
            "requires_override": {
              "type": "boolean"
            },
            "data_loss_risk": {
              "type": "string"
            },
            "next_command": {
              "type": "string"
            },
            "artifact_manifest_path": {
              "type": "null"
            },
            "exit_code_kind": {
              "type": "string"
            }
          }
        },
        "doctor_available": {
          "type": "boolean"
        },
        "safe_auto_run_eligible": {
          "type": "boolean"
        },
        "last_receipt_path": {
          "type": "null"
        },
        "failure_marker_path": {
          "type": "null"
        },
        "repair_previously_failed": {
          "type": "boolean"
        },
        "active_repair": {
          "type": "object",
          "properties": {
            "active": {
              "type": "boolean"
            },
            "active_index_maintenance": {
              "type": "boolean"
            },
            "repair_blocked_reason": {
              "type": "null"
            }
          }
        },
        "repair_recommended": {
          "type": "boolean"
        },
        "repair_blocked_reason": {
          "type": "null"
        },
        "doctor_check_recommended": {
          "type": "boolean"
        },
        "archive_coverage_state": {
          "type": "string"
        },
        "source_mirror_state": {
          "type": "string"
        },
        "remote_source_sync": {
          "type": "object",
          "properties": {
            "schema_version": {
              "type": "integer"
            },
            "status": {
              "type": "string"
            },
            "source": {
              "type": "string"
            },
            "checked": {
              "type": "boolean"
            },
            "archive_checked": {
              "type": "boolean"
            },
            "live_remote_probe_attempted": {
              "type": "boolean"
            },
            "remote_source_state": {
              "type": "string"
            },
            "sync_staleness": {
              "type": "string"
            },
            "local_mirror_state": {
              "type": "string"
            },
            "configured_remote_source_count": {
              "type": "integer"
            },
            "archive_remote_conversation_count": {
              "type": "null"
            },
            "sync_gap_count": {
              "type": "integer"
            },
            "highest_gap_severity": {
              "type": "string"
            },
            "recommended_action": {
              "type": "string"
            },
            "recommended_sync_commands": {
              "type": "array",
              "items": {
                "type": "unknown"
              }
            },
            "notes": {
              "type": "array",
              "items": {
                "type": "string"
              }
            }
          }
        },
        "sole_copy_conversation_count": {
          "type": "integer"
        },
        "cleanup_reclaimable_bytes": {
          "type": "integer"
        },
        "quarantine_summary": {
          "type": "object",
          "properties": {
            "failed_seed_bundle_count": {
              "type": "integer"
            },
            "retained_publish_backup_count": {
              "type": "integer"
            },
            "retained_publish_backup_retention_limit": {
              "type": "integer"
            },
            "lexical_generation_count": {
              "type": "integer"
            },
            "lexical_generation_build_state_counts": {
              "type": "object",
              "properties": {
                "building": {
                  "type": "integer"
                },
                "built": {
                  "type": "integer"
                },
                "failed": {
                  "type": "integer"
                },
                "scratch": {
                  "type": "integer"
                },
                "validated": {
                  "type": "integer"
                },
                "validating": {
                  "type": "integer"
                }
              }
            },
            "lexical_generation_publish_state_counts": {
              "type": "object",
              "properties": {
                "published": {
                  "type": "integer"
                },
                "quarantined": {
                  "type": "integer"
                },
                "staged": {
                  "type": "integer"
                },
                "superseded": {
                  "type": "integer"
                }
              }
            },
            "lexical_quarantined_generation_count": {
              "type": "integer"
            },
            "lexical_quarantined_shard_count": {
              "type": "integer"
            },
            "total_retained_bytes": {
              "type": "integer"
            },
            "gc_eligible_asset_count": {
              "type": "integer"
            },
            "gc_eligible_bytes": {
              "type": "integer"
            },
            "inspection_required_asset_count": {
              "type": "integer"
            },
            "inspection_required_bytes": {
              "type": "integer"
            },
            "cleanup_dry_run_generation_count": {
              "type": "integer"
            },
            "cleanup_dry_run_reclaim_candidate_count": {
              "type": "integer"
            },
            "cleanup_dry_run_reclaimable_bytes": {
              "type": "integer"
            },
            "cleanup_dry_run_retained_bytes": {
              "type": "integer"
            },
            "cleanup_dry_run_protected_generation_count": {
              "type": "integer"
            },
            "cleanup_dry_run_active_generation_count": {
              "type": "integer"
            },
            "cleanup_dry_run_inspection_required_count": {
              "type": "integer"
            },
            "cleanup_dry_run_approval_fingerprint": {
              "type": "string"
            },
            "cleanup_apply_allowed": {
              "type": "boolean"
            }
          }
        },
        "coverage_source": {
          "type": "object",
          "properties": {
            "status": {
              "type": "string"
            },
            "source": {
              "type": "string"
            },
            "confidence_tier": {
              "type": "string"
            },
            "generated_at": {
              "type": "string"
            },
            "stale_after_seconds": {
              "type": "integer"
            },
            "source_report_id": {
              "type": "null"
            },
            "recommended_action": {
              "type": "string"
            }
          }
        },
        "health_status": {
          "type": "string"
        },
        "db_exists": {
          "type": "boolean"
        }
      }
    },
    "remote_source_sync": {
      "type": "object",
      "properties": {
        "schema_version": {
          "type": "integer"
        },
        "status": {
          "type": "string"
        },
        "source": {
          "type": "string"
        },
        "checked": {
          "type": "boolean"
        },
        "archive_checked": {
          "type": "boolean"
        },
        "live_remote_probe_attempted": {
          "type": "boolean"
        },
        "remote_source_state": {
          "type": "string"
        },
        "sync_staleness": {
          "type": "string"
        },
        "local_mirror_state": {
          "type": "string"
        },
        "configured_remote_source_count": {
          "type": "integer"
        },
        "archive_remote_conversation_count": {
          "type": "null"
        },
        "sync_gap_count": {
          "type": "integer"
        },
        "highest_gap_severity": {
          "type": "string"
        },
        "recommended_action": {
          "type": "string"
        },
        "recommended_sync_commands": {
          "type": "array",
          "items": {
            "type": "unknown"
          }
        },
        "notes": {
          "type": "array",
          "items": {
            "type": "string"
          }
        }
      }
    },
    "coverage_risk": {
      "type": "object",
      "properties": {
        "schema_version": {
          "type": "integer"
        },
        "status": {
          "type": "string"
        },
        "confidence_tier": {
          "type": "string"
        },
        "archive_conversation_count": {
          "type": "integer"
        },
        "missing_current_source_count": {
          "type": "integer"
        },
        "db_without_raw_mirror_count": {
          "type": "integer"
        },
        "db_projection_only_count": {
          "type": "integer"
        },
        "mirror_without_db_link_count": {
          "type": "integer"
        },
        "current_source_newer_than_archive_count": {
          "type": "integer"
        },
        "raw_mirror_db_link_count": {
          "type": "integer"
        },
        "sole_copy_warning_count": {
          "type": "integer"
        },
        "recommended_action": {
          "type": "string"
        }
      }
    },
    "quarantine": {
      "type": "object",
      "properties": {
        "summary": {
          "type": "object",
          "properties": {
            "failed_seed_bundle_count": {
              "type": "integer"
            },
            "retained_publish_backup_count": {
              "type": "integer"
            },
            "retained_publish_backup_retention_limit": {
              "type": "integer"
            },
            "lexical_generation_count": {
              "type": "integer"
            },
            "lexical_generation_build_state_counts": {
              "type": "object",
              "properties": {
                "building": {
                  "type": "integer"
                },
                "built": {
                  "type": "integer"
                },
                "failed": {
                  "type": "integer"
                },
                "scratch": {
                  "type": "integer"
                },
                "validated": {
                  "type": "integer"
                },
                "validating": {
                  "type": "integer"
                }
              }
            },
            "lexical_generation_publish_state_counts": {
              "type": "object",
              "properties": {
                "published": {
                  "type": "integer"
                },
                "quarantined": {
                  "type": "integer"
                },
                "staged": {
                  "type": "integer"
                },
                "superseded": {
                  "type": "integer"
                }
              }
            },
            "lexical_quarantined_generation_count": {
              "type": "integer"
            },
            "lexical_quarantined_shard_count": {
              "type": "integer"
            },
            "total_retained_bytes": {
              "type": "integer"
            },
            "gc_eligible_asset_count": {
              "type": "integer"
            },
            "gc_eligible_bytes": {
              "type": "integer"
            },
            "inspection_required_asset_count": {
              "type": "integer"
            },
            "inspection_required_bytes": {
              "type": "integer"
            },
            "cleanup_dry_run_generation_count": {
              "type": "integer"
            },
            "cleanup_dry_run_reclaim_candidate_count": {
              "type": "integer"
            },
            "cleanup_dry_run_reclaimable_bytes": {
              "type": "integer"
            },
            "cleanup_dry_run_retained_bytes": {
              "type": "integer"
            },
            "cleanup_dry_run_protected_generation_count": {
              "type": "integer"
            },
            "cleanup_dry_run_active_generation_count": {
              "type": "integer"
            },
            "cleanup_dry_run_inspection_required_count": {
              "type": "integer"
            },
            "cleanup_dry_run_approval_fingerprint": {
              "type": "string"
            },
            "cleanup_apply_allowed": {
              "type": "boolean"
            }
          }
        },
        "quarantined_artifacts": {
          "type": "array",
          "items": {
            "type": "unknown"
          }
        },
        "failed_seed_bundle_files": {
          "type": "array",
          "items": {
            "type": "unknown"
          }
        },
        "retained_publish_backups": {
          "type": "array",
          "items": {
            "type": "unknown"
          }
        },
        "lexical_generations": {
          "type": "array",
          "items": {
            "type": "unknown"
          }
        },
        "lexical_cleanup_dry_run": {
          "type": "object",
          "properties": {
            "dry_run": {
              "type": "boolean"
            },
            "approval_fingerprint": {
              "type": "string"
            },
            "generation_count": {
              "type": "integer"
            },
            "total_artifact_bytes": {
              "type": "integer"
            },
            "total_reclaimable_bytes": {
              "type": "integer"
            },
            "total_retained_bytes": {
              "type": "integer"
            },
            "reclaim_candidates": {
              "type": "array",
              "items": {
                "type": "unknown"
              }
            },
            "reclaimable_generation_ids": {
              "type": "array",
              "items": {
                "type": "unknown"
              }
            },
            "fully_retained_generation_ids": {
              "type": "array",
              "items": {
                "type": "unknown"
              }
            },
            "protected_generation_ids": {
              "type": "array",
              "items": {
                "type": "unknown"
              }
            },
            "protected_retained_bytes": {
              "type": "integer"
            },
            "quarantined_generation_ids": {
              "type": "array",
              "items": {
                "type": "unknown"
              }
            },
            "active_generation_ids": {
              "type": "array",
              "items": {
                "type": "unknown"
              }
            },
            "disposition_counts": {
              "type": "object",
              "properties": {}
            },
            "generation_disposition_summaries": {
              "type": "object",
              "properties": {}
            },
            "inspection_items": {
              "type": "array",
              "items": {
                "type": "unknown"
              }
            },
            "inspection_required_generation_ids": {
              "type": "array",
              "items": {
                "type": "unknown"
              }
            },
            "inspection_required_count": {
              "type": "integer"
            },
            "inspection_required_retained_bytes": {
              "type": "integer"
            },
            "shard_disposition_summaries": {
              "type": "object",
              "properties": {}
            },
            "inventories": {
              "type": "array",
              "items": {
                "type": "unknown"
              }
            }
          }
        },
        "lexical_cleanup_apply_gate": {
          "type": "object",
          "properties": {
            "apply_allowed": {
              "type": "boolean"
            },
            "dry_run": {
              "type": "boolean"
            },
            "explicit_operator_approval": {
              "type": "boolean"
            },
            "approval_fingerprint": {
              "type": "string"
            },
            "provided_approval_fingerprint": {
              "type": "null"
            },
            "approval_fingerprint_status": {
              "type": "string"
            },
            "approval_fingerprint_matches": {
              "type": "boolean"
            },
            "generation_count": {
              "type": "integer"
            },
            "total_artifact_bytes": {
              "type": "integer"
            },
            "total_retained_bytes": {
              "type": "integer"
            },
            "candidate_count": {
              "type": "integer"
            },
            "reclaimable_bytes": {
              "type": "integer"
            },
            "disposition_counts": {
              "type": "object",
              "properties": {}
            },
            "generation_disposition_summaries": {
              "type": "object",
              "properties": {}
            },
            "shard_disposition_summaries": {
              "type": "object",
              "properties": {}
            },
            "candidate_previews": {
              "type": "array",
              "items": {
                "type": "unknown"
              }
            },
            "reclaimable_generation_ids": {
              "type": "array",
              "items": {
                "type": "unknown"
              }
            },
            "fully_retained_generation_ids": {
              "type": "array",
              "items": {
                "type": "unknown"
              }
            },
            "quarantined_generation_ids": {
              "type": "array",
              "items": {
                "type": "unknown"
              }
            },
            "blocker_codes": {
              "type": "array",
              "items": {
                "type": "string"
              }
            },
            "blocked_reasons": {
              "type": "array",
              "items": {
                "type": "string"
              }
            },
            "active_generation_ids": {
              "type": "array",
              "items": {
                "type": "unknown"
              }
            },
            "protected_generation_ids": {
              "type": "array",
              "items": {
                "type": "unknown"
              }
            },
            "protected_retained_bytes": {
              "type": "integer"
            },
            "inspection_previews": {
              "type": "array",
              "items": {
                "type": "unknown"
              }
            },
            "inspection_required_count": {
              "type": "integer"
            },
            "inspection_required_retained_bytes": {
              "type": "integer"
            },
            "inspection_required_generation_ids": {
              "type": "array",
              "items": {
                "type": "unknown"
              }
            }
          }
        },
        "warnings": {
          "type": "array",
          "items": {
            "type": "string"
          }
        }
      }
    },
    "search_completeness": {
      "type": "object",
      "properties": {
        "quarantine_status": {
          "type": "string"
        },
        "quarantined_conversations": {
          "type": "integer"
        },
        "complete": {
          "type": "boolean"
        },
        "can_search": {
          "type": "boolean"
        },
        "coverage_suspect": {
          "type": "boolean"
        },
        "impact": {
          "type": "string"
        },
        "next_command": {
          "type": "string"
        }
      }
    },
    "root_cause": {
      "type": "object",
      "properties": {
        "schema_version": {
          "type": "integer"
        },
        "family": {
          "type": "string"
        },
        "locus": {
          "type": "string"
        },
        "confidence": {
          "type": "string"
        },
        "evidence_refs": {
          "type": "array",
          "items": {
            "type": "unknown"
          }
        },
        "summary": {
          "type": "string"
        },
        "recommended_next_probe": {
          "type": "string"
        }
      }
    },
    "storage_integrity": {
      "type": "object",
      "properties": {
        "storage_state": {
          "type": "string"
        },
        "source_of_truth_risk": {
          "type": "string"
        },
        "archive_readability": {
          "type": "string"
        },
        "checks_attempted": {
          "type": "array",
          "items": {
            "type": "object",
            "properties": {
              "name": {
                "type": "string"
              },
              "elapsed_ms": {
                "type": "integer"
              },
              "timed_out": {
                "type": "boolean"
              },
              "skipped_reason": {
                "type": "string"
              },
              "read_only": {
                "type": "boolean"
              }
            }
          }
        }
      }
    },
    "recommended_action": {
      "type": "string"
    },
    "recommended_commands": {
      "type": "array",
      "items": {
        "type": "object",
        "properties": {
          "id": {
            "type": "string"
          },
          "command": {
            "type": "string"
          },
          "purpose": {
            "type": "string"
          },
          "safety": {
            "type": "string"
          },
          "run_when": {
            "type": "string"
          },
          "success_signal": {
            "type": "string"
          },
          "parse_fields": {
            "type": "array",
            "items": {
              "type": "string"
            }
          },
          "retry_after_ms": {
            "type": "null"
          }
        }
      }
    },
    "budget": {
      "type": "object",
      "properties": {
        "elapsed_ms": {
          "type": "integer"
        },
        "budget_ms": {
          "type": "integer"
        },
        "timed_out": {
          "type": "boolean"
        },
        "skipped_sections": {
          "type": "array",
          "items": {
            "type": "unknown"
          }
        },
        "recommended_next_probe": {
          "type": "null"
        }
      }
    },
    "_meta": {
      "type": "object",
      "properties": {
        "timestamp": {
          "type": "string"
        },
        "data_dir": {
          "type": "string"
        },
        "db_path": {
          "type": "string"
        }
      }
    }
  }
}